Archive member included to satisfy reference by file (symbol)

/Applications/STMicroelectronics/STM32CubeIDE.app/Contents/Eclipse/plugins/com.st.stm32cube.ide.mcu.externaltools.gnu-tools-for-stm32.7-2018-q2-update.macos64_1.5.0.202011040924/tools/bin/../lib/gcc/arm-none-eabi/7.3.1/../../../../arm-none-eabi/lib/thumb/v7e-m/fpv4-sp/hard/libc_nano.a(lib_a-atoi.o)
                              Core/Src/experiment.o (atoi)
/Applications/STMicroelectronics/STM32CubeIDE.app/Contents/Eclipse/plugins/com.st.stm32cube.ide.mcu.externaltools.gnu-tools-for-stm32.7-2018-q2-update.macos64_1.5.0.202011040924/tools/bin/../lib/gcc/arm-none-eabi/7.3.1/../../../../arm-none-eabi/lib/thumb/v7e-m/fpv4-sp/hard/libc_nano.a(lib_a-errno.o)
                              Core/Src/syscalls.o (__errno)
/Applications/STMicroelectronics/STM32CubeIDE.app/Contents/Eclipse/plugins/com.st.stm32cube.ide.mcu.externaltools.gnu-tools-for-stm32.7-2018-q2-update.macos64_1.5.0.202011040924/tools/bin/../lib/gcc/arm-none-eabi/7.3.1/../../../../arm-none-eabi/lib/thumb/v7e-m/fpv4-sp/hard/libc_nano.a(lib_a-exit.o)
                              /Applications/STMicroelectronics/STM32CubeIDE.app/Contents/Eclipse/plugins/com.st.stm32cube.ide.mcu.externaltools.gnu-tools-for-stm32.7-2018-q2-update.macos64_1.5.0.202011040924/tools/bin/../lib/gcc/arm-none-eabi/7.3.1/../../../../arm-none-eabi/lib/thumb/v7e-m/fpv4-sp/hard/crt0.o (exit)
/Applications/STMicroelectronics/STM32CubeIDE.app/Contents/Eclipse/plugins/com.st.stm32cube.ide.mcu.externaltools.gnu-tools-for-stm32.7-2018-q2-update.macos64_1.5.0.202011040924/tools/bin/../lib/gcc/arm-none-eabi/7.3.1/../../../../arm-none-eabi/lib/thumb/v7e-m/fpv4-sp/hard/libc_nano.a(lib_a-impure.o)
                              /Applications/STMicroelectronics/STM32CubeIDE.app/Contents/Eclipse/plugins/com.st.stm32cube.ide.mcu.externaltools.gnu-tools-for-stm32.7-2018-q2-update.macos64_1.5.0.202011040924/tools/bin/../lib/gcc/arm-none-eabi/7.3.1/../../../../arm-none-eabi/lib/thumb/v7e-m/fpv4-sp/hard/libc_nano.a(lib_a-exit.o) (_global_impure_ptr)
/Applications/STMicroelectronics/STM32CubeIDE.app/Contents/Eclipse/plugins/com.st.stm32cube.ide.mcu.externaltools.gnu-tools-for-stm32.7-2018-q2-update.macos64_1.5.0.202011040924/tools/bin/../lib/gcc/arm-none-eabi/7.3.1/../../../../arm-none-eabi/lib/thumb/v7e-m/fpv4-sp/hard/libc_nano.a(lib_a-init.o)
                              /Applications/STMicroelectronics/STM32CubeIDE.app/Contents/Eclipse/plugins/com.st.stm32cube.ide.mcu.externaltools.gnu-tools-for-stm32.7-2018-q2-update.macos64_1.5.0.202011040924/tools/bin/../lib/gcc/arm-none-eabi/7.3.1/../../../../arm-none-eabi/lib/thumb/v7e-m/fpv4-sp/hard/crt0.o (__libc_init_array)
/Applications/STMicroelectronics/STM32CubeIDE.app/Contents/Eclipse/plugins/com.st.stm32cube.ide.mcu.externaltools.gnu-tools-for-stm32.7-2018-q2-update.macos64_1.5.0.202011040924/tools/bin/../lib/gcc/arm-none-eabi/7.3.1/../../../../arm-none-eabi/lib/thumb/v7e-m/fpv4-sp/hard/libc_nano.a(lib_a-itoa.o)
                              Core/Src/experiment.o (itoa)
/Applications/STMicroelectronics/STM32CubeIDE.app/Contents/Eclipse/plugins/com.st.stm32cube.ide.mcu.externaltools.gnu-tools-for-stm32.7-2018-q2-update.macos64_1.5.0.202011040924/tools/bin/../lib/gcc/arm-none-eabi/7.3.1/../../../../arm-none-eabi/lib/thumb/v7e-m/fpv4-sp/hard/libc_nano.a(lib_a-memcpy-stub.o)
                              Core/Src/pc_uart.o (memcpy)
/Applications/STMicroelectronics/STM32CubeIDE.app/Contents/Eclipse/plugins/com.st.stm32cube.ide.mcu.externaltools.gnu-tools-for-stm32.7-2018-q2-update.macos64_1.5.0.202011040924/tools/bin/../lib/gcc/arm-none-eabi/7.3.1/../../../../arm-none-eabi/lib/thumb/v7e-m/fpv4-sp/hard/libc_nano.a(lib_a-memset.o)
                              /Applications/STMicroelectronics/STM32CubeIDE.app/Contents/Eclipse/plugins/com.st.stm32cube.ide.mcu.externaltools.gnu-tools-for-stm32.7-2018-q2-update.macos64_1.5.0.202011040924/tools/bin/../lib/gcc/arm-none-eabi/7.3.1/../../../../arm-none-eabi/lib/thumb/v7e-m/fpv4-sp/hard/crt0.o (memset)
/Applications/STMicroelectronics/STM32CubeIDE.app/Contents/Eclipse/plugins/com.st.stm32cube.ide.mcu.externaltools.gnu-tools-for-stm32.7-2018-q2-update.macos64_1.5.0.202011040924/tools/bin/../lib/gcc/arm-none-eabi/7.3.1/../../../../arm-none-eabi/lib/thumb/v7e-m/fpv4-sp/hard/libc_nano.a(lib_a-strcat.o)
                              Core/Src/experiment.o (strcat)
/Applications/STMicroelectronics/STM32CubeIDE.app/Contents/Eclipse/plugins/com.st.stm32cube.ide.mcu.externaltools.gnu-tools-for-stm32.7-2018-q2-update.macos64_1.5.0.202011040924/tools/bin/../lib/gcc/arm-none-eabi/7.3.1/../../../../arm-none-eabi/lib/thumb/v7e-m/fpv4-sp/hard/libc_nano.a(lib_a-strlen.o)
                              Core/Src/experiment.o (strlen)
[...]
Memory Configuration

Name             Origin             Length             Attributes
CCMRAM           0x0000000010000000 0x0000000000010000 xrw
RAM              0x0000000020000000 0x0000000000020000 xrw
FLASH            0x0000000008000000 0x0000000000080000 xr
*default*        0x0000000000000000 0xffffffffffffffff

Linker script and memory map

LOAD /Applications/STMicroelectronics/STM32CubeIDE.app/Contents/Eclipse/plugins/com.st.stm32cube.ide.mcu.externaltools.gnu-tools-for-stm32.7-2018-q2-update.macos64_1.5.0.202011040924/tools/bin/../lib/gcc/arm-none-eabi/7.3.1/thumb/v7e-m/fpv4-sp/hard/crti.o
LOAD /Applications/STMicroelectronics/STM32CubeIDE.app/Contents/Eclipse/plugins/com.st.stm32cube.ide.mcu.externaltools.gnu-tools-for-stm32.7-2018-q2-update.macos64_1.5.0.202011040924/tools/bin/../lib/gcc/arm-none-eabi/7.3.1/thumb/v7e-m/fpv4-sp/hard/crtbegin.o
LOAD /Applications/STMicroelectronics/STM32CubeIDE.app/Contents/Eclipse/plugins/com.st.stm32cube.ide.mcu.externaltools.gnu-tools-for-stm32.7-2018-q2-update.macos64_1.5.0.202011040924/tools/bin/../lib/gcc/arm-none-eabi/7.3.1/../../../../arm-none-eabi/lib/thumb/v7e-m/fpv4-sp/hard/crt0.o
LOAD Core/Src/DHT.o
LOAD Core/Src/HX711.o
LOAD Core/Src/accel.o
LOAD Core/Src/adc.o
LOAD Core/Src/encoder.o
LOAD Core/Src/experiment.o
LOAD Core/Src/ext_it.o
LOAD Core/Src/heater.o
LOAD Core/Src/main.o
LOAD Core/Src/pc_uart.o
LOAD Core/Src/sd_card.o
LOAD Core/Src/stm32f4xx_hal_msp.o
LOAD Core/Src/stm32f4xx_it.o
LOAD Core/Src/syscalls.o
LOAD Core/Src/sysmem.o
LOAD Core/Src/system_stm32f4xx.o
LOAD Core/Src/timer.o
LOAD Core/Src/tmc_uart.o
LOAD Core/Src/uart.o
LOAD Core/Src/uc45_uart.o
LOAD Core/Startup/startup_stm32f407vetx.o
LOAD Drivers/STM32F4xx_HAL_Driver/Src/stm32f4xx_hal.o
LOAD Drivers/STM32F4xx_HAL_Driver/Src/stm32f4xx_hal_adc.o
LOAD Drivers/STM32F4xx_HAL_Driver/Src/stm32f4xx_hal_adc_ex.o
LOAD Drivers/STM32F4xx_HAL_Driver/Src/stm32f4xx_hal_cortex.o
LOAD Drivers/STM32F4xx_HAL_Driver/Src/stm32f4xx_hal_dma.o
LOAD Drivers/STM32F4xx_HAL_Driver/Src/stm32f4xx_hal_dma_ex.o
LOAD Drivers/STM32F4xx_HAL_Driver/Src/stm32f4xx_hal_exti.o
LOAD Drivers/STM32F4xx_HAL_Driver/Src/stm32f4xx_hal_flash.o
LOAD Drivers/STM32F4xx_HAL_Driver/Src/stm32f4xx_hal_flash_ex.o
LOAD Drivers/STM32F4xx_HAL_Driver/Src/stm32f4xx_hal_flash_ramfunc.o
LOAD Drivers/STM32F4xx_HAL_Driver/Src/stm32f4xx_hal_gpio.o
LOAD Drivers/STM32F4xx_HAL_Driver/Src/stm32f4xx_hal_i2c.o
LOAD Drivers/STM32F4xx_HAL_Driver/Src/stm32f4xx_hal_i2c_ex.o
LOAD Drivers/STM32F4xx_HAL_Driver/Src/stm32f4xx_hal_pwr.o
LOAD Drivers/STM32F4xx_HAL_Driver/Src/stm32f4xx_hal_pwr_ex.o
LOAD Drivers/STM32F4xx_HAL_Driver/Src/stm32f4xx_hal_rcc.o
LOAD Drivers/STM32F4xx_HAL_Driver/Src/stm32f4xx_hal_rcc_ex.o
LOAD Drivers/STM32F4xx_HAL_Driver/Src/stm32f4xx_hal_sd.o
LOAD Drivers/STM32F4xx_HAL_Driver/Src/stm32f4xx_hal_spi.o
LOAD Drivers/STM32F4xx_HAL_Driver/Src/stm32f4xx_hal_tim.o
LOAD Drivers/STM32F4xx_HAL_Driver/Src/stm32f4xx_hal_tim_ex.o
LOAD Drivers/STM32F4xx_HAL_Driver/Src/stm32f4xx_hal_uart.o
LOAD Drivers/STM32F4xx_HAL_Driver/Src/stm32f4xx_ll_sdmmc.o
LOAD FATFS/App/fatfs.o
LOAD FATFS/Target/bsp_driver_sd.o
LOAD FATFS/Target/fatfs_platform.o
LOAD FATFS/Target/sd_diskio.o
LOAD Middlewares/Third_Party/FatFs/src/diskio.o
LOAD Middlewares/Third_Party/FatFs/src/ff.o
LOAD Middlewares/Third_Party/FatFs/src/ff_gen_drv.o
LOAD Middlewares/Third_Party/FatFs/src/option/syscall.o
START GROUP
LOAD /Applications/STMicroelectronics/STM32CubeIDE.app/Contents/Eclipse/plugins/com.st.stm32cube.ide.mcu.externaltools.gnu-tools-for-stm32.7-2018-q2-update.macos64_1.5.0.202011040924/tools/bin/../lib/gcc/arm-none-eabi/7.3.1/../../../../arm-none-eabi/lib/thumb/v7e-m/fpv4-sp/hard/libc_nano.a
LOAD /Applications/STMicroelectronics/STM32CubeIDE.app/Contents/Eclipse/plugins/com.st.stm32cube.ide.mcu.externaltools.gnu-tools-for-stm32.7-2018-q2-update.macos64_1.5.0.202011040924/tools/bin/../lib/gcc/arm-none-eabi/7.3.1/../../../../arm-none-eabi/lib/thumb/v7e-m/fpv4-sp/hard/libm.a
END GROUP
START GROUP
LOAD /Applications/STMicroelectronics/STM32CubeIDE.app/Contents/Eclipse/plugins/com.st.stm32cube.ide.mcu.externaltools.gnu-tools-for-stm32.7-2018-q2-update.macos64_1.5.0.202011040924/tools/bin/../lib/gcc/arm-none-eabi/7.3.1/thumb/v7e-m/fpv4-sp/hard/libgcc.a
LOAD /Applications/STMicroelectronics/STM32CubeIDE.app/Contents/Eclipse/plugins/com.st.stm32cube.ide.mcu.externaltools.gnu-tools-for-stm32.7-2018-q2-update.macos64_1.5.0.202011040924/tools/bin/../lib/gcc/arm-none-eabi/7.3.1/../../../../arm-none-eabi/lib/thumb/v7e-m/fpv4-sp/hard/libc_nano.a
END GROUP
START GROUP
LOAD /Applications/STMicroelectronics/STM32CubeIDE.app/Contents/Eclipse/plugins/com.st.stm32cube.ide.mcu.externaltools.gnu-tools-for-stm32.7-2018-q2-update.macos64_1.5.0.202011040924/tools/bin/../lib/gcc/arm-none-eabi/7.3.1/thumb/v7e-m/fpv4-sp/hard/libgcc.a
LOAD /Applications/STMicroelectronics/STM32CubeIDE.app/Contents/Eclipse/plugins/com.st.stm32cube.ide.mcu.externaltools.gnu-tools-for-stm32.7-2018-q2-update.macos64_1.5.0.202011040924/tools/bin/../lib/gcc/arm-none-eabi/7.3.1/../../../../arm-none-eabi/lib/thumb/v7e-m/fpv4-sp/hard/libc_nano.a
LOAD /Applications/STMicroelectronics/STM32CubeIDE.app/Contents/Eclipse/plugins/com.st.stm32cube.ide.mcu.externaltools.gnu-tools-for-stm32.7-2018-q2-update.macos64_1.5.0.202011040924/tools/bin/../lib/gcc/arm-none-eabi/7.3.1/../../../../arm-none-eabi/lib/thumb/v7e-m/fpv4-sp/hard/libnosys.a
END GROUP
START GROUP
LOAD /Applications/STMicroelectronics/STM32CubeIDE.app/Contents/Eclipse/plugins/com.st.stm32cube.ide.mcu.externaltools.gnu-tools-for-stm32.7-2018-q2-update.macos64_1.5.0.202011040924/tools/bin/../lib/gcc/arm-none-eabi/7.3.1/thumb/v7e-m/fpv4-sp/hard/libgcc.a
LOAD /Applications/STMicroelectronics/STM32CubeIDE.app/Contents/Eclipse/plugins/com.st.stm32cube.ide.mcu.externaltools.gnu-tools-for-stm32.7-2018-q2-update.macos64_1.5.0.202011040924/tools/bin/../lib/gcc/arm-none-eabi/7.3.1/../../../../arm-none-eabi/lib/thumb/v7e-m/fpv4-sp/hard/libc_nano.a
LOAD /Applications/STMicroelectronics/STM32CubeIDE.app/Contents/Eclipse/plugins/com.st.stm32cube.ide.mcu.externaltools.gnu-tools-for-stm32.7-2018-q2-update.macos64_1.5.0.202011040924/tools/bin/../lib/gcc/arm-none-eabi/7.3.1/../../../../arm-none-eabi/lib/thumb/v7e-m/fpv4-sp/hard/libnosys.a
END GROUP
LOAD /Applications/STMicroelectronics/STM32CubeIDE.app/Contents/Eclipse/plugins/com.st.stm32cube.ide.mcu.externaltools.gnu-tools-for-stm32.7-2018-q2-update.macos64_1.5.0.202011040924/tools/bin/../lib/gcc/arm-none-eabi/7.3.1/thumb/v7e-m/fpv4-sp/hard/crtend.o
LOAD /Applications/STMicroelectronics/STM32CubeIDE.app/Contents/Eclipse/plugins/com.st.stm32cube.ide.mcu.externaltools.gnu-tools-for-stm32.7-2018-q2-update.macos64_1.5.0.202011040924/tools/bin/../lib/gcc/arm-none-eabi/7.3.1/thumb/v7e-m/fpv4-sp/hard/crtn.o
                0x0000000020020000                _estack = (ORIGIN (RAM) + LENGTH (RAM))
                0x0000000000000200                _Min_Heap_Size = 0x200
                0x0000000000000400                _Min_Stack_Size = 0x400

.isr_vector     0x0000000008000000      0x188
                0x0000000008000000                . = ALIGN (0x4)
 *(.isr_vector)
 .isr_vector    0x0000000008000000      0x188 Core/Startup/startup_stm32f407vetx.o
                0x0000000008000000                g_pfnVectors
                0x0000000008000188                . = ALIGN (0x4)

.text           0x0000000008000188    0x11e34
                0x0000000008000188                . = ALIGN (0x4)
 *(.text)
 .text          0x0000000008000188       0x40 /Applications/STMicroelectronics/STM32CubeIDE.app/Contents/Eclipse/plugins/com.st.stm32cube.ide.mcu.externaltools.gnu-tools-for-stm32.7-2018-q2-update.macos64_1.5.0.202011040924/tools/bin/../lib/gcc/arm-none-eabi/7.3.1/thumb/v7e-m/fpv4-sp/hard/crtbegin.o
 .text          0x00000000080001c8       0x10 /Applications/STMicroelectronics/STM32CubeIDE.app/Contents/Eclipse/plugins/com.st.stm32cube.ide.mcu.externaltools.gnu-tools-for-stm32.7-2018-q2-update.macos64_1.5.0.202011040924/tools/bin/../lib/gcc/arm-none-eabi/7.3.1/../../../../arm-none-eabi/lib/thumb/v7e-m/fpv4-sp/hard/libc_nano.a(lib_a-strlen.o)
                0x00000000080001c8                strlen
 .text          0x00000000080001d8      0x378 /Applications/STMicroelectronics/STM32CubeIDE.app/Contents/Eclipse/plugins/com.st.stm32cube.ide.mcu.externaltools.gnu-tools-for-stm32.7-2018-q2-update.macos64_1.5.0.202011040924/tools/bin/../lib/gcc/arm-none-eabi/7.3.1/thumb/v7e-m/fpv4-sp/hard/libgcc.a(_arm_addsubdf3.o)
                0x00000000080001d8                __aeabi_drsub
                0x00000000080001e0                __subdf3
                0x00000000080001e0                __aeabi_dsub
                0x00000000080001e4                __aeabi_dadd
                0x00000000080001e4                __adddf3
                0x000000000800045c                __aeabi_ui2d
                0x000000000800045c                __floatunsidf
                0x000000000800047c                __floatsidf
                0x000000000800047c                __aeabi_i2d
                0x00000000080004a0                __extendsfdf2
                0x00000000080004a0                __aeabi_f2d
                0x00000000080004e4                __aeabi_ul2d
                0x00000000080004e4                __floatundidf
                0x00000000080004f4                __aeabi_l2d
                0x00000000080004f4                __floatdidf
 .text          0x0000000008000550      0x424 /Applications/STMicroelectronics/STM32CubeIDE.app/Contents/Eclipse/plugins/com.st.stm32cube.ide.mcu.externaltools.gnu-tools-for-stm32.7-2018-q2-update.macos64_1.5.0.202011040924/tools/bin/../lib/gcc/arm-none-eabi/7.3.1/thumb/v7e-m/fpv4-sp/hard/libgcc.a(_arm_muldivdf3.o)
                0x0000000008000550                __aeabi_dmul
                0x0000000008000550                __muldf3
                0x00000000080007a4                __aeabi_ddiv
                0x00000000080007a4                __divdf3
 .text          0x0000000008000974       0x50 /Applications/STMicroelectronics/STM32CubeIDE.app/Contents/Eclipse/plugins/com.st.stm32cube.ide.mcu.externaltools.gnu-tools-for-stm32.7-2018-q2-update.macos64_1.5.0.202011040924/tools/bin/../lib/gcc/arm-none-eabi/7.3.1/thumb/v7e-m/fpv4-sp/hard/libgcc.a(_arm_fixdfsi.o)
                0x0000000008000974                __fixdfsi
                0x0000000008000974                __aeabi_d2iz
 .text          0x00000000080009c4       0xa0 /Applications/STMicroelectronics/STM32CubeIDE.app/Contents/Eclipse/plugins/com.st.stm32cube.ide.mcu.externaltools.gnu-tools-for-stm32.7-2018-q2-update.macos64_1.5.0.202011040924/tools/bin/../lib/gcc/arm-none-eabi/7.3.1/thumb/v7e-m/fpv4-sp/hard/libgcc.a(_arm_truncdfsf2.o)
                0x00000000080009c4                __aeabi_d2f
                0x00000000080009c4                __truncdfsf2
 .text          0x0000000008000a64       0x30 /Applications/STMicroelectronics/STM32CubeIDE.app/Contents/Eclipse/plugins/com.st.stm32cube.ide.mcu.externaltools.gnu-tools-for-stm32.7-2018-q2-update.macos64_1.5.0.202011040924/tools/bin/../lib/gcc/arm-none-eabi/7.3.1/thumb/v7e-m/fpv4-sp/hard/libgcc.a(_aeabi_uldivmod.o)
                0x0000000008000a64                __aeabi_uldivmod
 .text          0x0000000008000a94      0x2cc /Applications/STMicroelectronics/STM32CubeIDE.app/Contents/Eclipse/plugins/com.st.stm32cube.ide.mcu.externaltools.gnu-tools-for-stm32.7-2018-q2-update.macos64_1.5.0.202011040924/tools/bin/../lib/gcc/arm-none-eabi/7.3.1/thumb/v7e-m/fpv4-sp/hard/libgcc.a(_udivmoddi4.o)
                0x0000000008000a94                __udivmoddi4
 .text          0x0000000008000d60        0x4 /Applications/STMicroelectronics/STM32CubeIDE.app/Contents/Eclipse/plugins/com.st.stm32cube.ide.mcu.externaltools.gnu-tools-for-stm32.7-2018-q2-update.macos64_1.5.0.202011040924/tools/bin/../lib/gcc/arm-none-eabi/7.3.1/thumb/v7e-m/fpv4-sp/hard/libgcc.a(_dvmd_tls.o)
                0x0000000008000d60                __aeabi_ldiv0
                0x0000000008000d60                __aeabi_idiv0
 *(.text*)
 .text.DHT_Start
                0x0000000008000d64       0x3c Core/Src/DHT.o
                0x0000000008000d64                DHT_Start
 .text.DHT_GetData
                0x0000000008000da0       0xb4 Core/Src/DHT.o
                0x0000000008000da0                DHT_GetData
 .text.DHT_Read
                0x0000000008000e54       0xc4 Core/Src/DHT.o
                0x0000000008000e54                DHT_Read
 .text.Check_Response
                0x0000000008000f18       0x6c Core/Src/DHT.o
                0x0000000008000f18                Check_Response
 .text.set_gpio_mode
                0x0000000008000f84       0x70 Core/Src/DHT.o
                0x0000000008000f84                set_gpio_mode
 .text.DWT_Delay
                0x0000000008000ff4       0x7c Core/Src/DHT.o
                0x0000000008000ff4                DWT_Delay
 .text.HX711_Init
                0x0000000008001070       0x38 Core/Src/HX711.o
                0x0000000008001070                HX711_Init
 .text.HX711_Average_Value
                0x00000000080010a8       0xc8 Core/Src/HX711.o
                0x00000000080010a8                HX711_Average_Value
 .text.HX711_Value
                0x0000000008001170       0xf2 Core/Src/HX711.o
                0x0000000008001170                HX711_Value
 .text.HX711_Tare
                0x0000000008001262       0x58 Core/Src/HX711.o
                0x0000000008001262                HX711_Tare
 *fill*         0x00000000080012ba        0x2 
 .text.HX711_Available
                0x00000000080012bc       0x20 Core/Src/HX711.o
                0x00000000080012bc                HX711_Available
 *fill*         0x00000000080012dc        0x4 
 .text.readMPU  0x00000000080012e0      0x2e0 Core/Src/accel.o
                0x00000000080012e0                readMPU
 .text.HAL_ADC_ConvCpltCallback
                0x00000000080015c0       0x80 Core/Src/adc.o
                0x00000000080015c0                HAL_ADC_ConvCpltCallback
 .text.actadc   0x0000000008001640      0x378 Core/Src/adc.o
                0x0000000008001640                actadc
 .text.ftos     0x00000000080019b8      0x6ec Core/Src/experiment.o
                0x00000000080019b8                ftos
 .text.ParaInt  0x00000000080020a4      0x384 Core/Src/experiment.o
                0x00000000080020a4                ParaInt
 .text.Cal      0x0000000008002428       0xf0 Core/Src/experiment.o
                0x0000000008002428                Cal
 .text.slopExt  0x0000000008002518      0x4c4 Core/Src/experiment.o
                0x0000000008002518                slopExt
 *fill*         0x00000000080029dc        0x4 
 .text.Indent   0x00000000080029e0      0x230 Core/Src/experiment.o
                0x00000000080029e0                Indent
 .text.Hold     0x0000000008002c10       0x60 Core/Src/experiment.o
                0x0000000008002c10                Hold
 .text.autoApproach
                0x0000000008002c70      0x4d0 Core/Src/experiment.o
                0x0000000008002c70                autoApproach
 .text.Osc      0x0000000008003140      0x13c Core/Src/experiment.o
                0x0000000008003140                Osc
 .text.moveXY   0x000000000800327c      0x24c Core/Src/experiment.o
                0x000000000800327c                moveXY
 .text.StepD    0x00000000080034c8      0x1ac Core/Src/experiment.o
                0x00000000080034c8                StepD
 .text.GiveVolt
                0x0000000008003674       0x38 Core/Src/experiment.o
                0x0000000008003674                GiveVolt
 .text.Emergency
                0x00000000080036ac      0x1d0 Core/Src/experiment.o
                0x00000000080036ac                Emergency
 .text.HAL_GPIO_EXTI_Callback
                0x000000000800387c       0x6c Core/Src/ext_it.o
                0x000000000800387c                HAL_GPIO_EXTI_Callback
 .text.TmcIndex
                0x00000000080038e8       0x1c Core/Src/ext_it.o
                0x00000000080038e8                TmcIndex
 .text.JoyBut1  0x0000000008003904       0xbc Core/Src/ext_it.o
                0x0000000008003904                JoyBut1
 .text.JoyBut2  0x00000000080039c0       0x4c Core/Src/ext_it.o
                0x00000000080039c0                JoyBut2
 .text.EndXplus
                0x0000000008003a0c       0x74 Core/Src/ext_it.o
                0x0000000008003a0c                EndXplus
 .text.EndYplus
                0x0000000008003a80       0x70 Core/Src/ext_it.o
                0x0000000008003a80                EndYplus
 .text.EndXmin  0x0000000008003af0       0x80 Core/Src/ext_it.o
                0x0000000008003af0                EndXmin
 .text.EndYmin  0x0000000008003b70       0x70 Core/Src/ext_it.o
                0x0000000008003b70                EndYmin
 .text.setHeater
                0x0000000008003be0       0x78 Core/Src/heater.o
                0x0000000008003be0                setHeater
 .text.main     0x0000000008003c58      0x180 Core/Src/main.o
                0x0000000008003c58                main
 .text.MX_ADC1_Init
                0x0000000008003dd8      0x1f4 Core/Src/main.o
 .text.MX_I2C1_Init
                0x0000000008003fcc       0x5c Core/Src/main.o
 .text.MX_I2C3_Init
                0x0000000008004028       0x5c Core/Src/main.o
 .text.MX_SDIO_SD_Init
                0x0000000008004084       0x40 Core/Src/main.o
 .text.MX_SPI2_Init
                0x00000000080040c4       0x6c Core/Src/main.o
 .text.MX_TIM1_Init
                0x0000000008004130      0x138 Core/Src/main.o
 .text.MX_TIM2_Init
                0x0000000008004268       0xa8 Core/Src/main.o
 .text.MX_TIM3_Init
                0x0000000008004310       0xa8 Core/Src/main.o
 .text.MX_TIM8_Init
                0x00000000080043b8       0xb0 Core/Src/main.o
 .text.MX_TIM9_Init
                0x0000000008004468       0x74 Core/Src/main.o
 .text.MX_TIM10_Init
                0x00000000080044dc       0x48 Core/Src/main.o
 .text.MX_TIM11_Init
                0x0000000008004524       0x48 Core/Src/main.o
 .text.MX_TIM12_Init
                0x000000000800456c       0x74 Core/Src/main.o
 .text.MX_TIM13_Init
                0x00000000080045e0       0x48 Core/Src/main.o
 .text.MX_USART1_UART_Init
                0x0000000008004628       0x54 Core/Src/main.o
 .text.MX_USART2_UART_Init
                0x000000000800467c       0x54 Core/Src/main.o
 .text.MX_USART3_UART_Init
                0x00000000080046d0       0x54 Core/Src/main.o
 .text.MX_DMA_Init
                0x0000000008004724       0x40 Core/Src/main.o
 .text.MX_GPIO_Init
                0x0000000008004764      0x2a4 Core/Src/main.o
 .text.Error_Handler
                0x0000000008004a08        0x8 Core/Src/main.o
                0x0000000008004a08                Error_Handler
 .text.PcRx     0x0000000008004a10      0x858 Core/Src/pc_uart.o
                0x0000000008004a10                PcRx
 .text.PcTx     0x0000000008005268       0x68 Core/Src/pc_uart.o
                0x0000000008005268                PcTx
 .text.DummyRead2
                0x00000000080052d0       0x1c Core/Src/pc_uart.o
                0x00000000080052d0                DummyRead2
 .text.SendPc   0x00000000080052ec      0x130 Core/Src/pc_uart.o
                0x00000000080052ec                SendPc
 .text.ProcessRx
                0x000000000800541c      0x66c Core/Src/pc_uart.o
                0x000000000800541c                ProcessRx
 .text.ProcessData
                0x0000000008005a88     0x1524 Core/Src/pc_uart.o
                0x0000000008005a88                ProcessData
 .text.HAL_MspInit
                0x0000000008006fac       0x50 Core/Src/stm32f4xx_hal_msp.o
                0x0000000008006fac                HAL_MspInit
 .text.HAL_ADC_MspInit
                0x0000000008006ffc      0x160 Core/Src/stm32f4xx_hal_msp.o
                0x0000000008006ffc                HAL_ADC_MspInit
 .text.HAL_I2C_MspInit
                0x000000000800715c      0x140 Core/Src/stm32f4xx_hal_msp.o
                0x000000000800715c                HAL_I2C_MspInit
 .text.HAL_SD_MspInit
                0x000000000800729c       0xd0 Core/Src/stm32f4xx_hal_msp.o
                0x000000000800729c                HAL_SD_MspInit
 .text.HAL_SPI_MspInit
                0x000000000800736c       0xd0 Core/Src/stm32f4xx_hal_msp.o
                0x000000000800736c                HAL_SPI_MspInit
 .text.HAL_TIM_PWM_MspInit
                0x000000000800743c       0x70 Core/Src/stm32f4xx_hal_msp.o
                0x000000000800743c                HAL_TIM_PWM_MspInit
 .text.HAL_TIM_Encoder_MspInit
                0x00000000080074ac      0x184 Core/Src/stm32f4xx_hal_msp.o
                0x00000000080074ac                HAL_TIM_Encoder_MspInit
 .text.HAL_TIM_Base_MspInit
                0x0000000008007630      0x140 Core/Src/stm32f4xx_hal_msp.o
                0x0000000008007630                HAL_TIM_Base_MspInit
 .text.HAL_TIM_MspPostInit
                0x0000000008007770       0x74 Core/Src/stm32f4xx_hal_msp.o
                0x0000000008007770                HAL_TIM_MspPostInit
 .text.HAL_UART_MspInit
                0x00000000080077e4      0x19c Core/Src/stm32f4xx_hal_msp.o
                0x00000000080077e4                HAL_UART_MspInit
 .text.NMI_Handler
                0x0000000008007980        0x6 Core/Src/stm32f4xx_it.o
                0x0000000008007980                NMI_Handler
 .text.HardFault_Handler
                0x0000000008007986        0x6 Core/Src/stm32f4xx_it.o
                0x0000000008007986                HardFault_Handler
 .text.MemManage_Handler
                0x000000000800798c        0x6 Core/Src/stm32f4xx_it.o
                0x000000000800798c                MemManage_Handler
 .text.BusFault_Handler
                0x0000000008007992        0x6 Core/Src/stm32f4xx_it.o
                0x0000000008007992                BusFault_Handler
 .text.UsageFault_Handler
                0x0000000008007998        0x6 Core/Src/stm32f4xx_it.o
                0x0000000008007998                UsageFault_Handler
 .text.SVC_Handler
                0x000000000800799e        0xe Core/Src/stm32f4xx_it.o
                0x000000000800799e                SVC_Handler
 .text.DebugMon_Handler
                0x00000000080079ac        0xe Core/Src/stm32f4xx_it.o
                0x00000000080079ac                DebugMon_Handler
 .text.PendSV_Handler
                0x00000000080079ba        0xe Core/Src/stm32f4xx_it.o
                0x00000000080079ba                PendSV_Handler
 .text.SysTick_Handler
                0x00000000080079c8        0xc Core/Src/stm32f4xx_it.o
                0x00000000080079c8                SysTick_Handler
 .text.EXTI2_IRQHandler
                0x00000000080079d4        0xe Core/Src/stm32f4xx_it.o
                0x00000000080079d4                EXTI2_IRQHandler
 .text.EXTI9_5_IRQHandler
                0x00000000080079e2       0x1c Core/Src/stm32f4xx_it.o
                0x00000000080079e2                EXTI9_5_IRQHandler
 *fill*         0x00000000080079fe        0x2 
 .text.TIM1_BRK_TIM9_IRQHandler
                0x0000000008007a00       0x1c Core/Src/stm32f4xx_it.o
                0x0000000008007a00                TIM1_BRK_TIM9_IRQHandler
 .text.TIM1_UP_TIM10_IRQHandler
                0x0000000008007a1c       0x1c Core/Src/stm32f4xx_it.o
                0x0000000008007a1c                TIM1_UP_TIM10_IRQHandler
 .text.TIM1_TRG_COM_TIM11_IRQHandler
                0x0000000008007a38       0x1c Core/Src/stm32f4xx_it.o
                0x0000000008007a38                TIM1_TRG_COM_TIM11_IRQHandler
 .text.USART1_IRQHandler
                0x0000000008007a54       0x14 Core/Src/stm32f4xx_it.o
                0x0000000008007a54                USART1_IRQHandler
 .text.USART2_IRQHandler
                0x0000000008007a68       0x14 Core/Src/stm32f4xx_it.o
                0x0000000008007a68                USART2_IRQHandler
 .text.USART3_IRQHandler
                0x0000000008007a7c       0x14 Core/Src/stm32f4xx_it.o
                0x0000000008007a7c                USART3_IRQHandler
 .text.EXTI15_10_IRQHandler
                0x0000000008007a90       0x20 Core/Src/stm32f4xx_it.o
                0x0000000008007a90                EXTI15_10_IRQHandler
 .text.TIM8_BRK_TIM12_IRQHandler
                0x0000000008007ab0       0x1c Core/Src/stm32f4xx_it.o
                0x0000000008007ab0                TIM8_BRK_TIM12_IRQHandler
 .text.TIM8_UP_TIM13_IRQHandler
                0x0000000008007acc       0x1c Core/Src/stm32f4xx_it.o
                0x0000000008007acc                TIM8_UP_TIM13_IRQHandler
 .text.DMA2_Stream0_IRQHandler
                0x0000000008007ae8       0x14 Core/Src/stm32f4xx_it.o
                0x0000000008007ae8                DMA2_Stream0_IRQHandler
 .text.SystemInit
                0x0000000008007afc       0x2c Core/Src/system_stm32f4xx.o
                0x0000000008007afc                SystemInit
 .text.HAL_TIM_PeriodElapsedCallback
                0x0000000008007b28       0xc8 Core/Src/timer.o
                0x0000000008007b28                HAL_TIM_PeriodElapsedCallback
 .text.Timer9   0x0000000008007bf0      0xc10 Core/Src/timer.o
                0x0000000008007bf0                Timer9
 .text.Timer10  0x0000000008008800     0x1278 Core/Src/timer.o
                0x0000000008008800                Timer10
 .text.Timer11  0x0000000008009a78      0x14c Core/Src/timer.o
                0x0000000008009a78                Timer11
 .text.Timer12  0x0000000008009bc4      0x17c Core/Src/timer.o
                0x0000000008009bc4                Timer12
 .text.Timer13  0x0000000008009d40     0x1730 Core/Src/timer.o
                0x0000000008009d40                Timer13
 .text.TimeSet  0x000000000800b470       0xf0 Core/Src/timer.o
                0x000000000800b470                TimeSet
 .text.TmcRx    0x000000000800b560        0xe Core/Src/tmc_uart.o
                0x000000000800b560                TmcRx
 .text.TmcTx    0x000000000800b56e        0xe Core/Src/tmc_uart.o
                0x000000000800b56e                TmcTx
 .text.HAL_UART_RxCpltCallback
                0x000000000800b57c       0x4c Core/Src/uart.o
                0x000000000800b57c                HAL_UART_RxCpltCallback
 .text.HAL_UART_TxCpltCallback
                0x000000000800b5c8       0x4c Core/Src/uart.o
                0x000000000800b5c8                HAL_UART_TxCpltCallback
 .text.UartInit
                0x000000000800b614       0xe0 Core/Src/uart.o
                0x000000000800b614                UartInit
 .text.SizeOfArray
                0x000000000800b6f4       0x2e Core/Src/uart.o
                0x000000000800b6f4                SizeOfArray
 *fill*         0x000000000800b722        0x2 
 .text.Uc45Rx   0x000000000800b724      0x214 Core/Src/uc45_uart.o
                0x000000000800b724                Uc45Rx
 .text.Uc45Tx   0x000000000800b938       0x78 Core/Src/uc45_uart.o
                0x000000000800b938                Uc45Tx
 .text.DummyRead1
                0x000000000800b9b0       0x1c Core/Src/uc45_uart.o
                0x000000000800b9b0                DummyRead1
 .text.SendAct  0x000000000800b9cc       0xec Core/Src/uc45_uart.o
                0x000000000800b9cc                SendAct
 .text.Reset_Handler
                0x000000000800bab8       0x50 Core/Startup/startup_stm32f407vetx.o
                0x000000000800bab8                Reset_Handler
 .text.Default_Handler
                0x000000000800bb08        0x2 Core/Startup/startup_stm32f407vetx.o
                0x000000000800bb08                DMA1_Stream3_IRQHandler
                0x000000000800bb08                HASH_RNG_IRQHandler
                0x000000000800bb08                TIM8_CC_IRQHandler
                0x000000000800bb08                TIM1_CC_IRQHandler
                0x000000000800bb08                DMA2_Stream5_IRQHandler
                0x000000000800bb08                DMA1_Stream5_IRQHandler
                0x000000000800bb08                PVD_IRQHandler
                0x000000000800bb08                SDIO_IRQHandler
                0x000000000800bb08                TAMP_STAMP_IRQHandler
                0x000000000800bb08                CAN2_RX1_IRQHandler
                0x000000000800bb08                EXTI3_IRQHandler
                0x000000000800bb08                TIM8_TRG_COM_TIM14_IRQHandler
                0x000000000800bb08                I2C3_ER_IRQHandler
                0x000000000800bb08                EXTI0_IRQHandler
                0x000000000800bb08                I2C2_EV_IRQHandler
                0x000000000800bb08                DMA1_Stream2_IRQHandler
                0x000000000800bb08                CAN1_RX0_IRQHandler
                0x000000000800bb08                FPU_IRQHandler
                0x000000000800bb08                OTG_HS_WKUP_IRQHandler
                0x000000000800bb08                CAN2_SCE_IRQHandler
                0x000000000800bb08                DMA2_Stream2_IRQHandler
                0x000000000800bb08                SPI1_IRQHandler
                0x000000000800bb08                TIM6_DAC_IRQHandler
                0x000000000800bb08                DCMI_IRQHandler
                0x000000000800bb08                CAN2_RX0_IRQHandler
                0x000000000800bb08                DMA2_Stream3_IRQHandler
                0x000000000800bb08                USART6_IRQHandler
                0x000000000800bb08                CAN1_RX1_IRQHandler
                0x000000000800bb08                UART5_IRQHandler
                0x000000000800bb08                TIM4_IRQHandler
                0x000000000800bb08                I2C1_EV_IRQHandler
                0x000000000800bb08                DMA1_Stream6_IRQHandler
                0x000000000800bb08                DMA1_Stream1_IRQHandler
                0x000000000800bb08                UART4_IRQHandler
                0x000000000800bb08                TIM3_IRQHandler
                0x000000000800bb08                RCC_IRQHandler
                0x000000000800bb08                Default_Handler
                0x000000000800bb08                ADC_IRQHandler
                0x000000000800bb08                DMA1_Stream7_IRQHandler
                0x000000000800bb08                TIM7_IRQHandler
                0x000000000800bb08                CAN2_TX_IRQHandler
                0x000000000800bb08                TIM5_IRQHandler
                0x000000000800bb08                DMA2_Stream7_IRQHandler
                0x000000000800bb08                I2C3_EV_IRQHandler
                0x000000000800bb08                RTC_WKUP_IRQHandler
                0x000000000800bb08                ETH_WKUP_IRQHandler
                0x000000000800bb08                SPI2_IRQHandler
                0x000000000800bb08                OTG_HS_EP1_IN_IRQHandler
                0x000000000800bb08                DMA1_Stream0_IRQHandler
                0x000000000800bb08                CAN1_TX_IRQHandler
                0x000000000800bb08                EXTI4_IRQHandler
                0x000000000800bb08                FSMC_IRQHandler
                0x000000000800bb08                ETH_IRQHandler
                0x000000000800bb08                OTG_HS_EP1_OUT_IRQHandler
                0x000000000800bb08                WWDG_IRQHandler
                0x000000000800bb08                TIM2_IRQHandler
                0x000000000800bb08                OTG_FS_WKUP_IRQHandler
                0x000000000800bb08                OTG_HS_IRQHandler
                0x000000000800bb08                EXTI1_IRQHandler
                0x000000000800bb08                I2C2_ER_IRQHandler
                0x000000000800bb08                DMA2_Stream1_IRQHandler
                0x000000000800bb08                CAN1_SCE_IRQHandler
                0x000000000800bb08                FLASH_IRQHandler
                0x000000000800bb08                DMA2_Stream4_IRQHandler
                0x000000000800bb08                OTG_FS_IRQHandler
                0x000000000800bb08                SPI3_IRQHandler
                0x000000000800bb08                DMA1_Stream4_IRQHandler
                0x000000000800bb08                I2C1_ER_IRQHandler
                0x000000000800bb08                DMA2_Stream6_IRQHandler
                0x000000000800bb08                RTC_Alarm_IRQHandler
 *fill*         0x000000000800bb0a        0x2 
 .text.HAL_Init
                0x000000000800bb0c       0x44 Drivers/STM32F4xx_HAL_Driver/Src/stm32f4xx_hal.o
                0x000000000800bb0c                HAL_Init
 .text.HAL_InitTick
                0x000000000800bb50       0x60 Drivers/STM32F4xx_HAL_Driver/Src/stm32f4xx_hal.o
                0x000000000800bb50                HAL_InitTick
 .text.HAL_IncTick
                0x000000000800bbb0       0x28 Drivers/STM32F4xx_HAL_Driver/Src/stm32f4xx_hal.o
                0x000000000800bbb0                HAL_IncTick
 .text.HAL_GetTick
                0x000000000800bbd8       0x18 Drivers/STM32F4xx_HAL_Driver/Src/stm32f4xx_hal.o
                0x000000000800bbd8                HAL_GetTick
 .text.HAL_Delay
                0x000000000800bbf0       0x44 Drivers/STM32F4xx_HAL_Driver/Src/stm32f4xx_hal.o
                0x000000000800bbf0                HAL_Delay
 .text.HAL_ADC_Init
                0x000000000800bc34       0x86 Drivers/STM32F4xx_HAL_Driver/Src/stm32f4xx_hal_adc.o
                0x000000000800bc34                HAL_ADC_Init
 *fill*         0x000000000800bcba        0x2 
 .text.HAL_ADC_Start_DMA
                0x000000000800bcbc      0x1e4 Drivers/STM32F4xx_HAL_Driver/Src/stm32f4xx_hal_adc.o
                0x000000000800bcbc                HAL_ADC_Start_DMA
 .text.HAL_ADC_ConvHalfCpltCallback
                0x000000000800bea0       0x14 Drivers/STM32F4xx_HAL_Driver/Src/stm32f4xx_hal_adc.o
                0x000000000800bea0                HAL_ADC_ConvHalfCpltCallback
 .text.HAL_ADC_ErrorCallback
                0x000000000800beb4       0x14 Drivers/STM32F4xx_HAL_Driver/Src/stm32f4xx_hal_adc.o
                0x000000000800beb4                HAL_ADC_ErrorCallback
 .text.HAL_ADC_ConfigChannel
                0x000000000800bec8      0x244 Drivers/STM32F4xx_HAL_Driver/Src/stm32f4xx_hal_adc.o
                0x000000000800bec8                HAL_ADC_ConfigChannel
 .text.ADC_Init
                0x000000000800c10c      0x1f8 Drivers/STM32F4xx_HAL_Driver/Src/stm32f4xx_hal_adc.o
 .text.ADC_DMAConvCplt
                0x000000000800c304       0xba Drivers/STM32F4xx_HAL_Driver/Src/stm32f4xx_hal_adc.o
 .text.ADC_DMAHalfConvCplt
                0x000000000800c3be       0x1c Drivers/STM32F4xx_HAL_Driver/Src/stm32f4xx_hal_adc.o
 .text.ADC_DMAError
                0x000000000800c3da       0x2e Drivers/STM32F4xx_HAL_Driver/Src/stm32f4xx_hal_adc.o
 .text.__NVIC_SetPriorityGrouping
                0x000000000800c408       0x48 Drivers/STM32F4xx_HAL_Driver/Src/stm32f4xx_hal_cortex.o
 .text.__NVIC_GetPriorityGrouping
                0x000000000800c450       0x1c Drivers/STM32F4xx_HAL_Driver/Src/stm32f4xx_hal_cortex.o
 .text.__NVIC_EnableIRQ
                0x000000000800c46c       0x3c Drivers/STM32F4xx_HAL_Driver/Src/stm32f4xx_hal_cortex.o
 .text.__NVIC_SetPriority
                0x000000000800c4a8       0x54 Drivers/STM32F4xx_HAL_Driver/Src/stm32f4xx_hal_cortex.o
 .text.NVIC_EncodePriority
                0x000000000800c4fc       0x66 Drivers/STM32F4xx_HAL_Driver/Src/stm32f4xx_hal_cortex.o
 *fill*         0x000000000800c562        0x2 
 .text.SysTick_Config
                0x000000000800c564       0x44 Drivers/STM32F4xx_HAL_Driver/Src/stm32f4xx_hal_cortex.o
 .text.HAL_NVIC_SetPriorityGrouping
                0x000000000800c5a8       0x16 Drivers/STM32F4xx_HAL_Driver/Src/stm32f4xx_hal_cortex.o
                0x000000000800c5a8                HAL_NVIC_SetPriorityGrouping
 .text.HAL_NVIC_SetPriority
                0x000000000800c5be       0x38 Drivers/STM32F4xx_HAL_Driver/Src/stm32f4xx_hal_cortex.o
                0x000000000800c5be                HAL_NVIC_SetPriority
 .text.HAL_NVIC_EnableIRQ
                0x000000000800c5f6       0x1c Drivers/STM32F4xx_HAL_Driver/Src/stm32f4xx_hal_cortex.o
                0x000000000800c5f6                HAL_NVIC_EnableIRQ
 .text.HAL_SYSTICK_Config
                0x000000000800c612       0x18 Drivers/STM32F4xx_HAL_Driver/Src/stm32f4xx_hal_cortex.o
                0x000000000800c612                HAL_SYSTICK_Config
 *fill*         0x000000000800c62a        0x2 
 .text.HAL_DMA_Init
                0x000000000800c62c      0x15c Drivers/STM32F4xx_HAL_Driver/Src/stm32f4xx_hal_dma.o
                0x000000000800c62c                HAL_DMA_Init
 .text.HAL_DMA_Start_IT
                0x000000000800c788       0xb0 Drivers/STM32F4xx_HAL_Driver/Src/stm32f4xx_hal_dma.o
                0x000000000800c788                HAL_DMA_Start_IT
 .text.HAL_DMA_Abort_IT
                0x000000000800c838       0x44 Drivers/STM32F4xx_HAL_Driver/Src/stm32f4xx_hal_dma.o
                0x000000000800c838                HAL_DMA_Abort_IT
 .text.HAL_DMA_IRQHandler
                0x000000000800c87c      0x314 Drivers/STM32F4xx_HAL_Driver/Src/stm32f4xx_hal_dma.o
                0x000000000800c87c                HAL_DMA_IRQHandler
 .text.DMA_SetConfig
                0x000000000800cb90       0x5c Drivers/STM32F4xx_HAL_Driver/Src/stm32f4xx_hal_dma.o
 .text.DMA_CalcBaseAndBitshift
                0x000000000800cbec       0x6c Drivers/STM32F4xx_HAL_Driver/Src/stm32f4xx_hal_dma.o
 .text.DMA_CheckFifoParam
                0x000000000800cc58       0xf4 Drivers/STM32F4xx_HAL_Driver/Src/stm32f4xx_hal_dma.o
 .text.HAL_GPIO_Init
                0x000000000800cd4c      0x334 Drivers/STM32F4xx_HAL_Driver/Src/stm32f4xx_hal_gpio.o
                0x000000000800cd4c                HAL_GPIO_Init
 .text.HAL_GPIO_ReadPin
                0x000000000800d080       0x30 Drivers/STM32F4xx_HAL_Driver/Src/stm32f4xx_hal_gpio.o
                0x000000000800d080                HAL_GPIO_ReadPin
 .text.HAL_GPIO_WritePin
                0x000000000800d0b0       0x32 Drivers/STM32F4xx_HAL_Driver/Src/stm32f4xx_hal_gpio.o
                0x000000000800d0b0                HAL_GPIO_WritePin
 .text.HAL_GPIO_TogglePin
                0x000000000800d0e2       0x36 Drivers/STM32F4xx_HAL_Driver/Src/stm32f4xx_hal_gpio.o
                0x000000000800d0e2                HAL_GPIO_TogglePin
 .text.HAL_GPIO_EXTI_IRQHandler
                0x000000000800d118       0x30 Drivers/STM32F4xx_HAL_Driver/Src/stm32f4xx_hal_gpio.o
                0x000000000800d118                HAL_GPIO_EXTI_IRQHandler
 .text.HAL_I2C_Init
                0x000000000800d148      0x270 Drivers/STM32F4xx_HAL_Driver/Src/stm32f4xx_hal_i2c.o
                0x000000000800d148                HAL_I2C_Init
 .text.HAL_I2C_Mem_Write
                0x000000000800d3b8      0x1f4 Drivers/STM32F4xx_HAL_Driver/Src/stm32f4xx_hal_i2c.o
                0x000000000800d3b8                HAL_I2C_Mem_Write
 .text.HAL_I2C_Mem_Read
                0x000000000800d5ac      0x44c Drivers/STM32F4xx_HAL_Driver/Src/stm32f4xx_hal_i2c.o
                0x000000000800d5ac                HAL_I2C_Mem_Read
 .text.I2C_RequestMemoryWrite
                0x000000000800d9f8      0x12c Drivers/STM32F4xx_HAL_Driver/Src/stm32f4xx_hal_i2c.o
 .text.I2C_RequestMemoryRead
                0x000000000800db24      0x1d0 Drivers/STM32F4xx_HAL_Driver/Src/stm32f4xx_hal_i2c.o
 .text.I2C_WaitOnFlagUntilTimeout
                0x000000000800dcf4       0xae Drivers/STM32F4xx_HAL_Driver/Src/stm32f4xx_hal_i2c.o
 .text.I2C_WaitOnMasterAddressFlagUntilTimeout
                0x000000000800dda2       0xfe Drivers/STM32F4xx_HAL_Driver/Src/stm32f4xx_hal_i2c.o
 .text.I2C_WaitOnTXEFlagUntilTimeout
                0x000000000800dea0       0x82 Drivers/STM32F4xx_HAL_Driver/Src/stm32f4xx_hal_i2c.o
 .text.I2C_WaitOnBTFFlagUntilTimeout
                0x000000000800df22       0x82 Drivers/STM32F4xx_HAL_Driver/Src/stm32f4xx_hal_i2c.o
 .text.I2C_WaitOnRXNEFlagUntilTimeout
                0x000000000800dfa4       0xac Drivers/STM32F4xx_HAL_Driver/Src/stm32f4xx_hal_i2c.o
 .text.I2C_IsAcknowledgeFailed
                0x000000000800e050       0x5e Drivers/STM32F4xx_HAL_Driver/Src/stm32f4xx_hal_i2c.o
 *fill*         0x000000000800e0ae        0x2 
 .text.HAL_RCC_GetHCLKFreq
                0x000000000800e0b0       0x18 Drivers/STM32F4xx_HAL_Driver/Src/stm32f4xx_hal_rcc.o
                0x000000000800e0b0                HAL_RCC_GetHCLKFreq
 .text.HAL_RCC_GetPCLK1Freq
                0x000000000800e0c8       0x28 Drivers/STM32F4xx_HAL_Driver/Src/stm32f4xx_hal_rcc.o
                0x000000000800e0c8                HAL_RCC_GetPCLK1Freq
 .text.HAL_RCC_GetPCLK2Freq
                0x000000000800e0f0       0x28 Drivers/STM32F4xx_HAL_Driver/Src/stm32f4xx_hal_rcc.o
                0x000000000800e0f0                HAL_RCC_GetPCLK2Freq
 .text.HAL_SD_Init
                0x000000000800e118       0x60 Drivers/STM32F4xx_HAL_Driver/Src/stm32f4xx_hal_sd.o
                0x000000000800e118                HAL_SD_Init
 .text.HAL_SD_InitCard
                0x000000000800e178       0xc0 Drivers/STM32F4xx_HAL_Driver/Src/stm32f4xx_hal_sd.o
                0x000000000800e178                HAL_SD_InitCard
 .text.HAL_SD_ReadBlocks
                0x000000000800e238      0x3f4 Drivers/STM32F4xx_HAL_Driver/Src/stm32f4xx_hal_sd.o
                0x000000000800e238                HAL_SD_ReadBlocks
 .text.HAL_SD_WriteBlocks
                0x000000000800e62c      0x344 Drivers/STM32F4xx_HAL_Driver/Src/stm32f4xx_hal_sd.o
                0x000000000800e62c                HAL_SD_WriteBlocks
 .text.HAL_SD_GetCardCSD
                0x000000000800e970      0x348 Drivers/STM32F4xx_HAL_Driver/Src/stm32f4xx_hal_sd.o
                0x000000000800e970                HAL_SD_GetCardCSD
 .text.HAL_SD_GetCardInfo
                0x000000000800ecb8       0x58 Drivers/STM32F4xx_HAL_Driver/Src/stm32f4xx_hal_sd.o
                0x000000000800ecb8                HAL_SD_GetCardInfo
 .text.HAL_SD_GetCardState
                0x000000000800ed10       0x40 Drivers/STM32F4xx_HAL_Driver/Src/stm32f4xx_hal_sd.o
                0x000000000800ed10                HAL_SD_GetCardState
 .text.SD_InitCard
                0x000000000800ed50      0x19a Drivers/STM32F4xx_HAL_Driver/Src/stm32f4xx_hal_sd.o
 *fill*         0x000000000800eeea        0x2 
 .text.SD_PowerON
                0x000000000800eeec      0x11c Drivers/STM32F4xx_HAL_Driver/Src/stm32f4xx_hal_sd.o
 .text.SD_SendStatus
                0x000000000800f008       0x50 Drivers/STM32F4xx_HAL_Driver/Src/stm32f4xx_hal_sd.o
 .text.HAL_SPI_Init
                0x000000000800f058       0xc8 Drivers/STM32F4xx_HAL_Driver/Src/stm32f4xx_hal_spi.o
                0x000000000800f058                HAL_SPI_Init
 .text.HAL_TIM_Base_Init
                0x000000000800f120       0x56 Drivers/STM32F4xx_HAL_Driver/Src/stm32f4xx_hal_tim.o
                0x000000000800f120                HAL_TIM_Base_Init
 .text.HAL_TIM_Base_Start_IT
                0x000000000800f176       0x48 Drivers/STM32F4xx_HAL_Driver/Src/stm32f4xx_hal_tim.o
                0x000000000800f176                HAL_TIM_Base_Start_IT
 .text.HAL_TIM_Base_Stop_IT
                0x000000000800f1be       0x56 Drivers/STM32F4xx_HAL_Driver/Src/stm32f4xx_hal_tim.o
                0x000000000800f1be                HAL_TIM_Base_Stop_IT
 .text.HAL_TIM_PWM_Init
                0x000000000800f214       0x56 Drivers/STM32F4xx_HAL_Driver/Src/stm32f4xx_hal_tim.o
                0x000000000800f214                HAL_TIM_PWM_Init
 *fill*         0x000000000800f26a        0x2 
 .text.HAL_TIM_PWM_Start
                0x000000000800f26c       0x7c Drivers/STM32F4xx_HAL_Driver/Src/stm32f4xx_hal_tim.o
                0x000000000800f26c                HAL_TIM_PWM_Start
 .text.HAL_TIM_Encoder_Init
                0x000000000800f2e8      0x124 Drivers/STM32F4xx_HAL_Driver/Src/stm32f4xx_hal_tim.o
                0x000000000800f2e8                HAL_TIM_Encoder_Init
 .text.HAL_TIM_Encoder_Start
                0x000000000800f40c       0x6e Drivers/STM32F4xx_HAL_Driver/Src/stm32f4xx_hal_tim.o
                0x000000000800f40c                HAL_TIM_Encoder_Start
 .text.HAL_TIM_IRQHandler
                0x000000000800f47a      0x210 Drivers/STM32F4xx_HAL_Driver/Src/stm32f4xx_hal_tim.o
                0x000000000800f47a                HAL_TIM_IRQHandler
 *fill*         0x000000000800f68a        0x2 
 .text.HAL_TIM_PWM_ConfigChannel
                0x000000000800f68c      0x18c Drivers/STM32F4xx_HAL_Driver/Src/stm32f4xx_hal_tim.o
                0x000000000800f68c                HAL_TIM_PWM_ConfigChannel
 .text.HAL_TIM_ConfigClockSource
                0x000000000800f818      0x16e Drivers/STM32F4xx_HAL_Driver/Src/stm32f4xx_hal_tim.o
                0x000000000800f818                HAL_TIM_ConfigClockSource
 .text.HAL_TIM_OC_DelayElapsedCallback
                0x000000000800f986       0x14 Drivers/STM32F4xx_HAL_Driver/Src/stm32f4xx_hal_tim.o
                0x000000000800f986                HAL_TIM_OC_DelayElapsedCallback
 .text.HAL_TIM_IC_CaptureCallback
                0x000000000800f99a       0x14 Drivers/STM32F4xx_HAL_Driver/Src/stm32f4xx_hal_tim.o
                0x000000000800f99a                HAL_TIM_IC_CaptureCallback
 .text.HAL_TIM_PWM_PulseFinishedCallback
                0x000000000800f9ae       0x14 Drivers/STM32F4xx_HAL_Driver/Src/stm32f4xx_hal_tim.o
                0x000000000800f9ae                HAL_TIM_PWM_PulseFinishedCallback
 .text.HAL_TIM_TriggerCallback
                0x000000000800f9c2       0x14 Drivers/STM32F4xx_HAL_Driver/Src/stm32f4xx_hal_tim.o
                0x000000000800f9c2                HAL_TIM_TriggerCallback
 *fill*         0x000000000800f9d6        0x2 
 .text.TIM_Base_SetConfig
                0x000000000800f9d8      0x140 Drivers/STM32F4xx_HAL_Driver/Src/stm32f4xx_hal_tim.o
                0x000000000800f9d8                TIM_Base_SetConfig
 .text.TIM_OC1_SetConfig
                0x000000000800fb18       0xe0 Drivers/STM32F4xx_HAL_Driver/Src/stm32f4xx_hal_tim.o
 .text.TIM_OC2_SetConfig
                0x000000000800fbf8       0xec Drivers/STM32F4xx_HAL_Driver/Src/stm32f4xx_hal_tim.o
                0x000000000800fbf8                TIM_OC2_SetConfig
 .text.TIM_OC3_SetConfig
                0x000000000800fce4       0xe8 Drivers/STM32F4xx_HAL_Driver/Src/stm32f4xx_hal_tim.o
 .text.TIM_OC4_SetConfig
                0x000000000800fdcc       0xac Drivers/STM32F4xx_HAL_Driver/Src/stm32f4xx_hal_tim.o
 .text.TIM_TI1_ConfigInputStage
                0x000000000800fe78       0x5e Drivers/STM32F4xx_HAL_Driver/Src/stm32f4xx_hal_tim.o
 .text.TIM_TI2_ConfigInputStage
                0x000000000800fed6       0x60 Drivers/STM32F4xx_HAL_Driver/Src/stm32f4xx_hal_tim.o
 .text.TIM_ITRx_SetConfig
                0x000000000800ff36       0x36 Drivers/STM32F4xx_HAL_Driver/Src/stm32f4xx_hal_tim.o
 .text.TIM_ETR_SetConfig
                0x000000000800ff6c       0x40 Drivers/STM32F4xx_HAL_Driver/Src/stm32f4xx_hal_tim.o
                0x000000000800ff6c                TIM_ETR_SetConfig
 .text.TIM_CCxChannelCmd
                0x000000000800ffac       0x4a Drivers/STM32F4xx_HAL_Driver/Src/stm32f4xx_hal_tim.o
                0x000000000800ffac                TIM_CCxChannelCmd
 *fill*         0x000000000800fff6        0x2 
 .text.HAL_TIMEx_MasterConfigSynchronization
                0x000000000800fff8       0xf8 Drivers/STM32F4xx_HAL_Driver/Src/stm32f4xx_hal_tim_ex.o
                0x000000000800fff8                HAL_TIMEx_MasterConfigSynchronization
 .text.HAL_TIMEx_ConfigBreakDeadTime
                0x00000000080100f0       0xa4 Drivers/STM32F4xx_HAL_Driver/Src/stm32f4xx_hal_tim_ex.o
                0x00000000080100f0                HAL_TIMEx_ConfigBreakDeadTime
 .text.HAL_TIMEx_CommutCallback
                0x0000000008010194       0x14 Drivers/STM32F4xx_HAL_Driver/Src/stm32f4xx_hal_tim_ex.o
                0x0000000008010194                HAL_TIMEx_CommutCallback
 .text.HAL_TIMEx_BreakCallback
                0x00000000080101a8       0x14 Drivers/STM32F4xx_HAL_Driver/Src/stm32f4xx_hal_tim_ex.o
                0x00000000080101a8                HAL_TIMEx_BreakCallback
 .text.HAL_UART_Init
                0x00000000080101bc       0x9a Drivers/STM32F4xx_HAL_Driver/Src/stm32f4xx_hal_uart.o
                0x00000000080101bc                HAL_UART_Init
 .text.HAL_UART_Transmit_IT
                0x0000000008010256       0x8a Drivers/STM32F4xx_HAL_Driver/Src/stm32f4xx_hal_uart.o
                0x0000000008010256                HAL_UART_Transmit_IT
 .text.HAL_UART_Receive_IT
                0x00000000080102e0       0xaa Drivers/STM32F4xx_HAL_Driver/Src/stm32f4xx_hal_uart.o
                0x00000000080102e0                HAL_UART_Receive_IT
 *fill*         0x000000000801038a        0x2 
 .text.HAL_UART_IRQHandler
                0x000000000801038c      0x200 Drivers/STM32F4xx_HAL_Driver/Src/stm32f4xx_hal_uart.o
                0x000000000801038c                HAL_UART_IRQHandler
 .text.HAL_UART_ErrorCallback
                0x000000000801058c       0x14 Drivers/STM32F4xx_HAL_Driver/Src/stm32f4xx_hal_uart.o
                0x000000000801058c                HAL_UART_ErrorCallback
 .text.UART_EndRxTransfer
                0x00000000080105a0       0x3c Drivers/STM32F4xx_HAL_Driver/Src/stm32f4xx_hal_uart.o
 .text.UART_DMAAbortOnError
                0x00000000080105dc       0x28 Drivers/STM32F4xx_HAL_Driver/Src/stm32f4xx_hal_uart.o
 .text.UART_Transmit_IT
                0x0000000008010604       0xac Drivers/STM32F4xx_HAL_Driver/Src/stm32f4xx_hal_uart.o
 .text.UART_EndTransmit_IT
                0x00000000080106b0       0x30 Drivers/STM32F4xx_HAL_Driver/Src/stm32f4xx_hal_uart.o
 .text.UART_Receive_IT
                0x00000000080106e0      0x102 Drivers/STM32F4xx_HAL_Driver/Src/stm32f4xx_hal_uart.o
 *fill*         0x00000000080107e2        0x2 
 .text.UART_SetConfig
                0x00000000080107e4      0x6f8 Drivers/STM32F4xx_HAL_Driver/Src/stm32f4xx_hal_uart.o
 .text.SDIO_Init
                0x0000000008010edc       0x56 Drivers/STM32F4xx_HAL_Driver/Src/stm32f4xx_ll_sdmmc.o
                0x0000000008010edc                SDIO_Init
 .text.SDIO_ReadFIFO
                0x0000000008010f32       0x1a Drivers/STM32F4xx_HAL_Driver/Src/stm32f4xx_ll_sdmmc.o
                0x0000000008010f32                SDIO_ReadFIFO
 .text.SDIO_WriteFIFO
                0x0000000008010f4c       0x22 Drivers/STM32F4xx_HAL_Driver/Src/stm32f4xx_ll_sdmmc.o
                0x0000000008010f4c                SDIO_WriteFIFO
 .text.SDIO_PowerState_ON
                0x0000000008010f6e       0x1e Drivers/STM32F4xx_HAL_Driver/Src/stm32f4xx_ll_sdmmc.o
                0x0000000008010f6e                SDIO_PowerState_ON
 .text.SDIO_GetPowerState
                0x0000000008010f8c       0x1c Drivers/STM32F4xx_HAL_Driver/Src/stm32f4xx_ll_sdmmc.o
                0x0000000008010f8c                SDIO_GetPowerState
 .text.SDIO_SendCommand
                0x0000000008010fa8       0x54 Drivers/STM32F4xx_HAL_Driver/Src/stm32f4xx_ll_sdmmc.o
                0x0000000008010fa8                SDIO_SendCommand
 .text.SDIO_GetCommandResponse
                0x0000000008010ffc       0x1a Drivers/STM32F4xx_HAL_Driver/Src/stm32f4xx_ll_sdmmc.o
                0x0000000008010ffc                SDIO_GetCommandResponse
 .text.SDIO_GetResponse
                0x0000000008011016       0x26 Drivers/STM32F4xx_HAL_Driver/Src/stm32f4xx_ll_sdmmc.o
                0x0000000008011016                SDIO_GetResponse
 .text.SDIO_ConfigData
                0x000000000801103c       0x58 Drivers/STM32F4xx_HAL_Driver/Src/stm32f4xx_ll_sdmmc.o
                0x000000000801103c                SDIO_ConfigData
 .text.SDMMC_CmdBlockLength
                0x0000000008011094       0x44 Drivers/STM32F4xx_HAL_Driver/Src/stm32f4xx_ll_sdmmc.o
                0x0000000008011094                SDMMC_CmdBlockLength
 .text.SDMMC_CmdReadSingleBlock
                0x00000000080110d8       0x44 Drivers/STM32F4xx_HAL_Driver/Src/stm32f4xx_ll_sdmmc.o
                0x00000000080110d8                SDMMC_CmdReadSingleBlock
 .text.SDMMC_CmdReadMultiBlock
                0x000000000801111c       0x44 Drivers/STM32F4xx_HAL_Driver/Src/stm32f4xx_ll_sdmmc.o
                0x000000000801111c                SDMMC_CmdReadMultiBlock
 .text.SDMMC_CmdWriteSingleBlock
                0x0000000008011160       0x44 Drivers/STM32F4xx_HAL_Driver/Src/stm32f4xx_ll_sdmmc.o
                0x0000000008011160                SDMMC_CmdWriteSingleBlock
 .text.SDMMC_CmdWriteMultiBlock
                0x00000000080111a4       0x44 Drivers/STM32F4xx_HAL_Driver/Src/stm32f4xx_ll_sdmmc.o
                0x00000000080111a4                SDMMC_CmdWriteMultiBlock
 .text.SDMMC_CmdStopTransfer
                0x00000000080111e8       0x44 Drivers/STM32F4xx_HAL_Driver/Src/stm32f4xx_ll_sdmmc.o
                0x00000000080111e8                SDMMC_CmdStopTransfer
 .text.SDMMC_CmdSelDesel
                0x000000000801122c       0x46 Drivers/STM32F4xx_HAL_Driver/Src/stm32f4xx_ll_sdmmc.o
                0x000000000801122c                SDMMC_CmdSelDesel
 .text.SDMMC_CmdGoIdleState
                0x0000000008011272       0x3c Drivers/STM32F4xx_HAL_Driver/Src/stm32f4xx_ll_sdmmc.o
                0x0000000008011272                SDMMC_CmdGoIdleState
 .text.SDMMC_CmdOperCond
                0x00000000080112ae       0x3e Drivers/STM32F4xx_HAL_Driver/Src/stm32f4xx_ll_sdmmc.o
                0x00000000080112ae                SDMMC_CmdOperCond
 .text.SDMMC_CmdAppCommand
                0x00000000080112ec       0x44 Drivers/STM32F4xx_HAL_Driver/Src/stm32f4xx_ll_sdmmc.o
                0x00000000080112ec                SDMMC_CmdAppCommand
 .text.SDMMC_CmdAppOperCommand
                0x0000000008011330       0x46 Drivers/STM32F4xx_HAL_Driver/Src/stm32f4xx_ll_sdmmc.o
                0x0000000008011330                SDMMC_CmdAppOperCommand
 .text.SDMMC_CmdSendCID
                0x0000000008011376       0x3c Drivers/STM32F4xx_HAL_Driver/Src/stm32f4xx_ll_sdmmc.o
                0x0000000008011376                SDMMC_CmdSendCID
 .text.SDMMC_CmdSendCSD
                0x00000000080113b2       0x3e Drivers/STM32F4xx_HAL_Driver/Src/stm32f4xx_ll_sdmmc.o
                0x00000000080113b2                SDMMC_CmdSendCSD
 .text.SDMMC_CmdSetRelAdd
                0x00000000080113f0       0x42 Drivers/STM32F4xx_HAL_Driver/Src/stm32f4xx_ll_sdmmc.o
                0x00000000080113f0                SDMMC_CmdSetRelAdd
 .text.SDMMC_CmdSendStatus
                0x0000000008011432       0x44 Drivers/STM32F4xx_HAL_Driver/Src/stm32f4xx_ll_sdmmc.o
                0x0000000008011432                SDMMC_CmdSendStatus
 *fill*         0x0000000008011476        0x2 
 .text.SDMMC_GetCmdError
                0x0000000008011478       0x50 Drivers/STM32F4xx_HAL_Driver/Src/stm32f4xx_ll_sdmmc.o
 .text.SDMMC_GetCmdResp1
                0x00000000080114c8      0x1d8 Drivers/STM32F4xx_HAL_Driver/Src/stm32f4xx_ll_sdmmc.o
 .text.SDMMC_GetCmdResp2
                0x00000000080116a0       0x8c Drivers/STM32F4xx_HAL_Driver/Src/stm32f4xx_ll_sdmmc.o
 .text.SDMMC_GetCmdResp3
                0x000000000801172c       0x74 Drivers/STM32F4xx_HAL_Driver/Src/stm32f4xx_ll_sdmmc.o
 .text.SDMMC_GetCmdResp6
                0x00000000080117a0       0xe8 Drivers/STM32F4xx_HAL_Driver/Src/stm32f4xx_ll_sdmmc.o
 .text.SDMMC_GetCmdResp7
                0x0000000008011888       0x98 Drivers/STM32F4xx_HAL_Driver/Src/stm32f4xx_ll_sdmmc.o
 .text.MX_FATFS_Init
                0x0000000008011920       0x24 FATFS/App/fatfs.o
                0x0000000008011920                MX_FATFS_Init
 .text.BSP_SD_Init
                0x0000000008011944       0x30 FATFS/Target/bsp_driver_sd.o
                0x0000000008011944                BSP_SD_Init
 .text.BSP_SD_ReadBlocks
                0x0000000008011974       0x3c FATFS/Target/bsp_driver_sd.o
                0x0000000008011974                BSP_SD_ReadBlocks
 .text.BSP_SD_WriteBlocks
                0x00000000080119b0       0x3c FATFS/Target/bsp_driver_sd.o
                0x00000000080119b0                BSP_SD_WriteBlocks
 .text.BSP_SD_GetCardState
                0x00000000080119ec       0x20 FATFS/Target/bsp_driver_sd.o
                0x00000000080119ec                BSP_SD_GetCardState
 .text.BSP_SD_GetCardInfo
                0x0000000008011a0c       0x1c FATFS/Target/bsp_driver_sd.o
                0x0000000008011a0c                BSP_SD_GetCardInfo
 .text.BSP_SD_IsDetected
                0x0000000008011a28       0x24 FATFS/Target/bsp_driver_sd.o
                0x0000000008011a28                BSP_SD_IsDetected
 .text.BSP_PlatformIsDetected
                0x0000000008011a4c       0x2c FATFS/Target/fatfs_platform.o
                0x0000000008011a4c                BSP_PlatformIsDetected
 .text.SD_CheckStatus
                0x0000000008011a78       0x3c FATFS/Target/sd_diskio.o
 .text.SD_initialize
                0x0000000008011ab4       0x3c FATFS/Target/sd_diskio.o
                0x0000000008011ab4                SD_initialize
 .text.SD_status
                0x0000000008011af0       0x1c FATFS/Target/sd_diskio.o
                0x0000000008011af0                SD_status
 .text.SD_read  0x0000000008011b0c       0x42 FATFS/Target/sd_diskio.o
                0x0000000008011b0c                SD_read
 .text.SD_write
                0x0000000008011b4e       0x42 FATFS/Target/sd_diskio.o
                0x0000000008011b4e                SD_write
 .text.SD_ioctl
                0x0000000008011b90       0xb0 FATFS/Target/sd_diskio.o
                0x0000000008011b90                SD_ioctl
 .text.FATFS_LinkDriverEx
                0x0000000008011c40       0x98 Middlewares/Third_Party/FatFs/src/ff_gen_drv.o
                0x0000000008011c40                FATFS_LinkDriverEx
 .text.FATFS_LinkDriver
                0x0000000008011cd8       0x1e Middlewares/Third_Party/FatFs/src/ff_gen_drv.o
                0x0000000008011cd8                FATFS_LinkDriver
 .text.atoi     0x0000000008011cf6        0x8 /Applications/STMicroelectronics/STM32CubeIDE.app/Contents/Eclipse/plugins/com.st.stm32cube.ide.mcu.externaltools.gnu-tools-for-stm32.7-2018-q2-update.macos64_1.5.0.202011040924/tools/bin/../lib/gcc/arm-none-eabi/7.3.1/../../../../arm-none-eabi/lib/thumb/v7e-m/fpv4-sp/hard/libc_nano.a(lib_a-atoi.o)
                0x0000000008011cf6                atoi
 *fill*         0x0000000008011cfe        0x2 
 .text.__libc_init_array
                0x0000000008011d00       0x48 /Applications/STMicroelectronics/STM32CubeIDE.app/Contents/Eclipse/plugins/com.st.stm32cube.ide.mcu.externaltools.gnu-tools-for-stm32.7-2018-q2-update.macos64_1.5.0.202011040924/tools/bin/../lib/gcc/arm-none-eabi/7.3.1/../../../../arm-none-eabi/lib/thumb/v7e-m/fpv4-sp/hard/libc_nano.a(lib_a-init.o)
                0x0000000008011d00                __libc_init_array
 .text.__itoa   0x0000000008011d48       0x30 /Applications/STMicroelectronics/STM32CubeIDE.app/Contents/Eclipse/plugins/com.st.stm32cube.ide.mcu.externaltools.gnu-tools-for-stm32.7-2018-q2-update.macos64_1.5.0.202011040924/tools/bin/../lib/gcc/arm-none-eabi/7.3.1/../../../../arm-none-eabi/lib/thumb/v7e-m/fpv4-sp/hard/libc_nano.a(lib_a-itoa.o)
                0x0000000008011d48                __itoa
 .text.itoa     0x0000000008011d78        0x4 /Applications/STMicroelectronics/STM32CubeIDE.app/Contents/Eclipse/plugins/com.st.stm32cube.ide.mcu.externaltools.gnu-tools-for-stm32.7-2018-q2-update.macos64_1.5.0.202011040924/tools/bin/../lib/gcc/arm-none-eabi/7.3.1/../../../../arm-none-eabi/lib/thumb/v7e-m/fpv4-sp/hard/libc_nano.a(lib_a-itoa.o)
                0x0000000008011d78                itoa
 .text.memcpy   0x0000000008011d7c       0x16 /Applications/STMicroelectronics/STM32CubeIDE.app/Contents/Eclipse/plugins/com.st.stm32cube.ide.mcu.externaltools.gnu-tools-for-stm32.7-2018-q2-update.macos64_1.5.0.202011040924/tools/bin/../lib/gcc/arm-none-eabi/7.3.1/../../../../arm-none-eabi/lib/thumb/v7e-m/fpv4-sp/hard/libc_nano.a(lib_a-memcpy-stub.o)
                0x0000000008011d7c                memcpy
 .text.memset   0x0000000008011d92       0x10 /Applications/STMicroelectronics/STM32CubeIDE.app/Contents/Eclipse/plugins/com.st.stm32cube.ide.mcu.externaltools.gnu-tools-for-stm32.7-2018-q2-update.macos64_1.5.0.202011040924/tools/bin/../lib/gcc/arm-none-eabi/7.3.1/../../../../arm-none-eabi/lib/thumb/v7e-m/fpv4-sp/hard/libc_nano.a(lib_a-memset.o)
                0x0000000008011d92                memset
 .text.strcat   0x0000000008011da2       0x1e /Applications/STMicroelectronics/STM32CubeIDE.app/Contents/Eclipse/plugins/com.st.stm32cube.ide.mcu.externaltools.gnu-tools-for-stm32.7-2018-q2-update.macos64_1.5.0.202011040924/tools/bin/../lib/gcc/arm-none-eabi/7.3.1/../../../../arm-none-eabi/lib/thumb/v7e-m/fpv4-sp/hard/libc_nano.a(lib_a-strcat.o)
                0x0000000008011da2                strcat
 .text._strtol_l.isra.0
                0x0000000008011dc0       0xf6 /Applications/STMicroelectronics/STM32CubeIDE.app/Contents/Eclipse/plugins/com.st.stm32cube.ide.mcu.externaltools.gnu-tools-for-stm32.7-2018-q2-update.macos64_1.5.0.202011040924/tools/bin/../lib/gcc/arm-none-eabi/7.3.1/../../../../arm-none-eabi/lib/thumb/v7e-m/fpv4-sp/hard/libc_nano.a(lib_a-strtol.o)
 *fill*         0x0000000008011eb6        0x2 
 .text.strtol   0x0000000008011eb8       0x2c /Applications/STMicroelectronics/STM32CubeIDE.app/Contents/Eclipse/plugins/com.st.stm32cube.ide.mcu.externaltools.gnu-tools-for-stm32.7-2018-q2-update.macos64_1.5.0.202011040924/tools/bin/../lib/gcc/arm-none-eabi/7.3.1/../../../../arm-none-eabi/lib/thumb/v7e-m/fpv4-sp/hard/libc_nano.a(lib_a-strtol.o)
                0x0000000008011eb8                strtol
 .text.__utoa   0x0000000008011ee4       0x7c /Applications/STMicroelectronics/STM32CubeIDE.app/Contents/Eclipse/plugins/com.st.stm32cube.ide.mcu.externaltools.gnu-tools-for-stm32.7-2018-q2-update.macos64_1.5.0.202011040924/tools/bin/../lib/gcc/arm-none-eabi/7.3.1/../../../../arm-none-eabi/lib/thumb/v7e-m/fpv4-sp/hard/libc_nano.a(lib_a-utoa.o)
                0x0000000008011ee4                __utoa
 .text.__locale_ctype_ptr_l
                0x0000000008011f60        0x6 /Applications/STMicroelectronics/STM32CubeIDE.app/Contents/Eclipse/plugins/com.st.stm32cube.ide.mcu.externaltools.gnu-tools-for-stm32.7-2018-q2-update.macos64_1.5.0.202011040924/tools/bin/../lib/gcc/arm-none-eabi/7.3.1/../../../../arm-none-eabi/lib/thumb/v7e-m/fpv4-sp/hard/libc_nano.a(lib_a-locale.o)
                0x0000000008011f60                __locale_ctype_ptr_l
 .text.__ascii_mbtowc
                0x0000000008011f66       0x24 /Applications/STMicroelectronics/STM32CubeIDE.app/Contents/Eclipse/plugins/com.st.stm32cube.ide.mcu.externaltools.gnu-tools-for-stm32.7-2018-q2-update.macos64_1.5.0.202011040924/tools/bin/../lib/gcc/arm-none-eabi/7.3.1/../../../../arm-none-eabi/lib/thumb/v7e-m/fpv4-sp/hard/libc_nano.a(lib_a-mbtowc_r.o)
                0x0000000008011f66                __ascii_mbtowc
 .text.__ascii_wctomb
                0x0000000008011f8a       0x1a /Applications/STMicroelectronics/STM32CubeIDE.app/Contents/Eclipse/plugins/com.st.stm32cube.ide.mcu.externaltools.gnu-tools-for-stm32.7-2018-q2-update.macos64_1.5.0.202011040924/tools/bin/../lib/gcc/arm-none-eabi/7.3.1/../../../../arm-none-eabi/lib/thumb/v7e-m/fpv4-sp/hard/libc_nano.a(lib_a-wctomb_r.o)
                0x0000000008011f8a                __ascii_wctomb
 *(.glue_7)
 .glue_7        0x0000000008011fa4        0x0 linker stubs
 *(.glue_7t)
 .glue_7t       0x0000000008011fa4        0x0 linker stubs
 *(.eh_frame)
 .eh_frame      0x0000000008011fa4        0x0 /Applications/STMicroelectronics/STM32CubeIDE.app/Contents/Eclipse/plugins/com.st.stm32cube.ide.mcu.externaltools.gnu-tools-for-stm32.7-2018-q2-update.macos64_1.5.0.202011040924/tools/bin/../lib/gcc/arm-none-eabi/7.3.1/thumb/v7e-m/fpv4-sp/hard/crtbegin.o
 *(.init)
 .init          0x0000000008011fa4        0x4 /Applications/STMicroelectronics/STM32CubeIDE.app/Contents/Eclipse/plugins/com.st.stm32cube.ide.mcu.externaltools.gnu-tools-for-stm32.7-2018-q2-update.macos64_1.5.0.202011040924/tools/bin/../lib/gcc/arm-none-eabi/7.3.1/thumb/v7e-m/fpv4-sp/hard/crti.o
                0x0000000008011fa4                _init
 .init          0x0000000008011fa8        0x8 /Applications/STMicroelectronics/STM32CubeIDE.app/Contents/Eclipse/plugins/com.st.stm32cube.ide.mcu.externaltools.gnu-tools-for-stm32.7-2018-q2-update.macos64_1.5.0.202011040924/tools/bin/../lib/gcc/arm-none-eabi/7.3.1/thumb/v7e-m/fpv4-sp/hard/crtn.o
 *(.fini)
 .fini          0x0000000008011fb0        0x4 /Applications/STMicroelectronics/STM32CubeIDE.app/Contents/Eclipse/plugins/com.st.stm32cube.ide.mcu.externaltools.gnu-tools-for-stm32.7-2018-q2-update.macos64_1.5.0.202011040924/tools/bin/../lib/gcc/arm-none-eabi/7.3.1/thumb/v7e-m/fpv4-sp/hard/crti.o
                0x0000000008011fb0                _fini
 .fini          0x0000000008011fb4        0x8 /Applications/STMicroelectronics/STM32CubeIDE.app/Contents/Eclipse/plugins/com.st.stm32cube.ide.mcu.externaltools.gnu-tools-for-stm32.7-2018-q2-update.macos64_1.5.0.202011040924/tools/bin/../lib/gcc/arm-none-eabi/7.3.1/thumb/v7e-m/fpv4-sp/hard/crtn.o
                0x0000000008011fbc                . = ALIGN (0x4)
                0x0000000008011fbc                _etext = .

.vfp11_veneer   0x0000000008011fbc        0x0
 .vfp11_veneer  0x0000000008011fbc        0x0 linker stubs

.v4_bx          0x0000000008011fbc        0x0
 .v4_bx         0x0000000008011fbc        0x0 linker stubs

.iplt           0x0000000008011fbc        0x0
 .iplt          0x0000000008011fbc        0x0 /Applications/STMicroelectronics/STM32CubeIDE.app/Contents/Eclipse/plugins/com.st.stm32cube.ide.mcu.externaltools.gnu-tools-for-stm32.7-2018-q2-update.macos64_1.5.0.202011040924/tools/bin/../lib/gcc/arm-none-eabi/7.3.1/thumb/v7e-m/fpv4-sp/hard/crtbegin.o

.rodata         0x0000000008011fbc      0x5e8
                0x0000000008011fbc                . = ALIGN (0x4)
 *(.rodata)
 .rodata        0x0000000008011fbc       0x14 Core/Src/adc.o
 .rodata        0x0000000008011fd0      0x10e Core/Src/experiment.o
 *fill*         0x00000000080120de        0x2 
 .rodata        0x00000000080120e0       0x45 Core/Src/ext_it.o
 *fill*         0x0000000008012125        0x3 
 .rodata        0x0000000008012128      0x1e2 Core/Src/pc_uart.o
 *fill*         0x000000000801230a        0x2 
 .rodata        0x000000000801230c      0x11a Core/Src/timer.o
 *fill*         0x0000000008012426        0x2 
 .rodata        0x0000000008012428       0x27 Core/Src/uc45_uart.o
 *(.rodata*)
 *fill*         0x000000000801244f        0x1 
 .rodata.APBPrescTable
                0x0000000008012450        0x8 Core/Src/system_stm32f4xx.o
                0x0000000008012450                APBPrescTable
 .rodata.flagBitshiftOffset.8931
                0x0000000008012458        0x8 Drivers/STM32F4xx_HAL_Driver/Src/stm32f4xx_hal_dma.o
 .rodata.SD_Driver
                0x0000000008012460       0x14 FATFS/Target/sd_diskio.o
                0x0000000008012460                SD_Driver
 .rodata.__utoa.str1.1
                0x0000000008012474       0x25 /Applications/STMicroelectronics/STM32CubeIDE.app/Contents/Eclipse/plugins/com.st.stm32cube.ide.mcu.externaltools.gnu-tools-for-stm32.7-2018-q2-update.macos64_1.5.0.202011040924/tools/bin/../lib/gcc/arm-none-eabi/7.3.1/../../../../arm-none-eabi/lib/thumb/v7e-m/fpv4-sp/hard/libc_nano.a(lib_a-utoa.o)
 .rodata._setlocale_r.str1.1
                0x0000000008012499        0x8 /Applications/STMicroelectronics/STM32CubeIDE.app/Contents/Eclipse/plugins/com.st.stm32cube.ide.mcu.externaltools.gnu-tools-for-stm32.7-2018-q2-update.macos64_1.5.0.202011040924/tools/bin/../lib/gcc/arm-none-eabi/7.3.1/../../../../arm-none-eabi/lib/thumb/v7e-m/fpv4-sp/hard/libc_nano.a(lib_a-locale.o)
                                          0x9 (size before relaxing)
 .rodata.str1.1
                0x00000000080124a1        0x2 /Applications/STMicroelectronics/STM32CubeIDE.app/Contents/Eclipse/plugins/com.st.stm32cube.ide.mcu.externaltools.gnu-tools-for-stm32.7-2018-q2-update.macos64_1.5.0.202011040924/tools/bin/../lib/gcc/arm-none-eabi/7.3.1/../../../../arm-none-eabi/lib/thumb/v7e-m/fpv4-sp/hard/libc_nano.a(lib_a-locale.o)
 .rodata._ctype_
                0x00000000080124a3      0x101 /Applications/STMicroelectronics/STM32CubeIDE.app/Contents/Eclipse/plugins/com.st.stm32cube.ide.mcu.externaltools.gnu-tools-for-stm32.7-2018-q2-update.macos64_1.5.0.202011040924/tools/bin/../lib/gcc/arm-none-eabi/7.3.1/../../../../arm-none-eabi/lib/thumb/v7e-m/fpv4-sp/hard/libc_nano.a(lib_a-ctype_.o)
                0x00000000080124a3                _ctype_
                0x00000000080125a4                . = ALIGN (0x4)

.ARM.extab      0x00000000080125a4        0x0
                0x00000000080125a4                . = ALIGN (0x4)
 *(.ARM.extab* .gnu.linkonce.armextab.*)
                0x00000000080125a4                . = ALIGN (0x4)

.ARM            0x00000000080125a4        0x8
                0x00000000080125a4                . = ALIGN (0x4)
                0x00000000080125a4                __exidx_start = .
 *(.ARM.exidx*)
 .ARM.exidx     0x00000000080125a4        0x8 /Applications/STMicroelectronics/STM32CubeIDE.app/Contents/Eclipse/plugins/com.st.stm32cube.ide.mcu.externaltools.gnu-tools-for-stm32.7-2018-q2-update.macos64_1.5.0.202011040924/tools/bin/../lib/gcc/arm-none-eabi/7.3.1/thumb/v7e-m/fpv4-sp/hard/libgcc.a(_udivmoddi4.o)
                0x00000000080125ac                __exidx_end = .
                0x00000000080125ac                . = ALIGN (0x4)

.rel.dyn        0x00000000080125ac        0x0
 .rel.iplt      0x00000000080125ac        0x0 /Applications/STMicroelectronics/STM32CubeIDE.app/Contents/Eclipse/plugins/com.st.stm32cube.ide.mcu.externaltools.gnu-tools-for-stm32.7-2018-q2-update.macos64_1.5.0.202011040924/tools/bin/../lib/gcc/arm-none-eabi/7.3.1/thumb/v7e-m/fpv4-sp/hard/crtbegin.o

.preinit_array  0x00000000080125ac        0x0
                0x00000000080125ac                . = ALIGN (0x4)
                0x00000000080125ac                PROVIDE (__preinit_array_start = .)
 *(.preinit_array*)
                0x00000000080125ac                PROVIDE (__preinit_array_end = .)
                0x00000000080125ac                . = ALIGN (0x4)

.init_array     0x00000000080125ac        0x4
                0x00000000080125ac                . = ALIGN (0x4)
                0x00000000080125ac                PROVIDE (__init_array_start = .)
 *(SORT_BY_NAME(.init_array.*))
 *(.init_array*)
 .init_array    0x00000000080125ac        0x4 /Applications/STMicroelectronics/STM32CubeIDE.app/Contents/Eclipse/plugins/com.st.stm32cube.ide.mcu.externaltools.gnu-tools-for-stm32.7-2018-q2-update.macos64_1.5.0.202011040924/tools/bin/../lib/gcc/arm-none-eabi/7.3.1/thumb/v7e-m/fpv4-sp/hard/crtbegin.o
                0x00000000080125b0                PROVIDE (__init_array_end = .)
                0x00000000080125b0                . = ALIGN (0x4)

.fini_array     0x00000000080125b0        0x4
                0x00000000080125b0                . = ALIGN (0x4)
                [!provide]                        PROVIDE (__fini_array_start = .)
 *(SORT_BY_NAME(.fini_array.*))
 *(.fini_array*)
 .fini_array    0x00000000080125b0        0x4 /Applications/STMicroelectronics/STM32CubeIDE.app/Contents/Eclipse/plugins/com.st.stm32cube.ide.mcu.externaltools.gnu-tools-for-stm32.7-2018-q2-update.macos64_1.5.0.202011040924/tools/bin/../lib/gcc/arm-none-eabi/7.3.1/thumb/v7e-m/fpv4-sp/hard/crtbegin.o
                [!provide]                        PROVIDE (__fini_array_end = .)
                0x00000000080125b4                . = ALIGN (0x4)
                0x00000000080125b4                _sidata = LOADADDR (.data)

.data           0x0000000020000000      0x278 load address 0x00000000080125b4
                0x0000000020000000                . = ALIGN (0x4)
                0x0000000020000000                _sdata = .
 *(.data)
 *(.data*)
 .data.voltnow  0x0000000020000000        0x4 Core/Src/experiment.o
                0x0000000020000000                voltnow
 .data.voltage  0x0000000020000004        0xb Core/Src/experiment.o
                0x0000000020000004                voltage
 *fill*         0x000000002000000f        0x1 
 .data.sendexp  0x0000000020000010        0x4 Core/Src/experiment.o
                0x0000000020000010                sendexp
 .data.caltime  0x0000000020000014        0x4 Core/Src/experiment.o
                0x0000000020000014                caltime
 .data.firstpt  0x0000000020000018        0x4 Core/Src/experiment.o
                0x0000000020000018                firstpt
 .data.expcount
                0x000000002000001c        0x4 Core/Src/experiment.o
                0x000000002000001c                expcount
 .data.hivolt   0x0000000020000020        0xa Core/Src/experiment.o
                0x0000000020000020                hivolt
 *fill*         0x000000002000002a        0x2 
 .data.lovolt   0x000000002000002c        0xa Core/Src/experiment.o
                0x000000002000002c                lovolt
 *fill*         0x0000000020000036        0x2 
 .data.tryuc    0x0000000020000038        0x4 Core/Src/experiment.o
                0x0000000020000038                tryuc
 .data.bossayac
                0x000000002000003c        0x4 Core/Src/experiment.o
                0x000000002000003c                bossayac
 .data.sensdist
                0x0000000020000040        0x4 Core/Src/experiment.o
                0x0000000020000040                sensdist
 .data.posinf   0x0000000020000044        0x4 Core/Src/experiment.o
                0x0000000020000044                posinf
 .data.motgain  0x0000000020000048        0x4 Core/Src/experiment.o
                0x0000000020000048                motgain
 .data.initialPos
                0x000000002000004c        0x4 Core/Src/experiment.o
                0x000000002000004c                initialPos
 .data.delta    0x0000000020000050        0x4 Core/Src/experiment.o
                0x0000000020000050                delta
 .data.increment
                0x0000000020000054        0x4 Core/Src/experiment.o
                0x0000000020000054                increment
 .data.pcInit   0x0000000020000058       0x1c Core/Src/pc_uart.o
                0x0000000020000058                pcInit
 .data.SystemCoreClock
                0x0000000020000074        0x4 Core/Src/system_stm32f4xx.o
                0x0000000020000074                SystemCoreClock
 .data.voltageval
                0x0000000020000078        0xb Core/Src/uart.o
                0x0000000020000078                voltageval
 *fill*         0x0000000020000083        0x1 
 .data.uc45Sender
                0x0000000020000084       0x1c Core/Src/uc45_uart.o
                0x0000000020000084                uc45Sender
 .data.uwTickPrio
                0x00000000200000a0        0x4 Drivers/STM32F4xx_HAL_Driver/Src/stm32f4xx_hal.o
                0x00000000200000a0                uwTickPrio
 .data.uwTickFreq
                0x00000000200000a4        0x1 Drivers/STM32F4xx_HAL_Driver/Src/stm32f4xx_hal.o
                0x00000000200000a4                uwTickFreq
 .data.Stat     0x00000000200000a5        0x1 FATFS/Target/sd_diskio.o
 *fill*         0x00000000200000a6        0x2 
 .data._impure_ptr
                0x00000000200000a8        0x4 /Applications/STMicroelectronics/STM32CubeIDE.app/Contents/Eclipse/plugins/com.st.stm32cube.ide.mcu.externaltools.gnu-tools-for-stm32.7-2018-q2-update.macos64_1.5.0.202011040924/tools/bin/../lib/gcc/arm-none-eabi/7.3.1/../../../../arm-none-eabi/lib/thumb/v7e-m/fpv4-sp/hard/libc_nano.a(lib_a-impure.o)
                0x00000000200000a8                _impure_ptr
 .data.impure_data
                0x00000000200000ac       0x60 /Applications/STMicroelectronics/STM32CubeIDE.app/Contents/Eclipse/plugins/com.st.stm32cube.ide.mcu.externaltools.gnu-tools-for-stm32.7-2018-q2-update.macos64_1.5.0.202011040924/tools/bin/../lib/gcc/arm-none-eabi/7.3.1/../../../../arm-none-eabi/lib/thumb/v7e-m/fpv4-sp/hard/libc_nano.a(lib_a-impure.o)
 .data.__global_locale
                0x000000002000010c      0x16c /Applications/STMicroelectronics/STM32CubeIDE.app/Contents/Eclipse/plugins/com.st.stm32cube.ide.mcu.externaltools.gnu-tools-for-stm32.7-2018-q2-update.macos64_1.5.0.202011040924/tools/bin/../lib/gcc/arm-none-eabi/7.3.1/../../../../arm-none-eabi/lib/thumb/v7e-m/fpv4-sp/hard/libc_nano.a(lib_a-locale.o)
                0x000000002000010c                __global_locale
 *(.RamFunc)
 *(.RamFunc*)
                0x0000000020000278                . = ALIGN (0x4)
                0x0000000020000278                _edata = .

.igot.plt       0x0000000020000278        0x0 load address 0x000000000801282c
 .igot.plt      0x0000000020000278        0x0 /Applications/STMicroelectronics/STM32CubeIDE.app/Contents/Eclipse/plugins/com.st.stm32cube.ide.mcu.externaltools.gnu-tools-for-stm32.7-2018-q2-update.macos64_1.5.0.202011040924/tools/bin/../lib/gcc/arm-none-eabi/7.3.1/thumb/v7e-m/fpv4-sp/hard/crtbegin.o
                0x0000000020000278                . = ALIGN (0x4)

.bss            0x0000000020000278     0x7658 load address 0x000000000801282c
                0x0000000020000278                _sbss = .
                0x0000000020000278                __bss_start__ = _sbss
 *(.bss)
 .bss           0x0000000020000278       0x1c /Applications/STMicroelectronics/STM32CubeIDE.app/Contents/Eclipse/plugins/com.st.stm32cube.ide.mcu.externaltools.gnu-tools-for-stm32.7-2018-q2-update.macos64_1.5.0.202011040924/tools/bin/../lib/gcc/arm-none-eabi/7.3.1/thumb/v7e-m/fpv4-sp/hard/crtbegin.o
 *(.bss*)
 .bss.Presence  0x0000000020000294        0x1 Core/Src/DHT.o
                0x0000000020000294                Presence
 .bss.data      0x0000000020000295        0x1 Core/Src/accel.o
                0x0000000020000295                data
 .bss.convEnd   0x0000000020000296        0x1 Core/Src/adc.o
                0x0000000020000296                convEnd
 *fill*         0x0000000020000297        0x1 
 .bss.adcVal2   0x0000000020000298        0x4 Core/Src/adc.o
                0x0000000020000298                adcVal2
 .bss.adcVal1   0x000000002000029c        0x4 Core/Src/adc.o
                0x000000002000029c                adcVal1
 .bss.adcsay    0x00000000200002a0        0x4 Core/Src/adc.o
                0x00000000200002a0                adcsay
 .bss.tempers   0x00000000200002a4        0xc Core/Src/adc.o
                0x00000000200002a4                tempers
 .bss.temperset
                0x00000000200002b0        0xc Core/Src/adc.o
                0x00000000200002b0                temperset
 .bss.strain    0x00000000200002bc        0x4 Core/Src/adc.o
                0x00000000200002bc                strain
 .bss.initalize
                0x00000000200002c0        0x4 Core/Src/experiment.o
                0x00000000200002c0                initalize
 .bss.contproc  0x00000000200002c4        0x4 Core/Src/experiment.o
                0x00000000200002c4                contproc
 .bss.S         0x00000000200002c8        0x4 Core/Src/experiment.o
                0x00000000200002c8                S
 .bss.emergency
                0x00000000200002cc        0x4 Core/Src/experiment.o
                0x00000000200002cc                emergency
 .bss.givecount
                0x00000000200002d0        0x4 Core/Src/experiment.o
                0x00000000200002d0                givecount
 .bss.holder    0x00000000200002d4        0x4 Core/Src/experiment.o
                0x00000000200002d4                holder
 .bss.isAutoApproach
                0x00000000200002d8        0x1 Core/Src/experiment.o
                0x00000000200002d8                isAutoApproach
 *fill*         0x00000000200002d9        0x3 
 .bss.oscdown   0x00000000200002dc        0x4 Core/Src/experiment.o
                0x00000000200002dc                oscdown
 .bss.autoretract
                0x00000000200002e0        0x4 Core/Src/experiment.o
                0x00000000200002e0                autoretract
 .bss.eqstep    0x00000000200002e4        0x4 Core/Src/experiment.o
                0x00000000200002e4                eqstep
 .bss.step      0x00000000200002e8        0x4 Core/Src/experiment.o
                0x00000000200002e8                step
 .bss.returncheck
                0x00000000200002ec        0x4 Core/Src/experiment.o
                0x00000000200002ec                returncheck
 .bss.stepdepth
                0x00000000200002f0        0x4 Core/Src/experiment.o
                0x00000000200002f0                stepdepth
 .bss.stepvolt  0x00000000200002f4        0x4 Core/Src/experiment.o
                0x00000000200002f4                stepvolt
 .bss.stepnum   0x00000000200002f8        0x4 Core/Src/experiment.o
                0x00000000200002f8                stepnum
 .bss.eqstepcounter
                0x00000000200002fc        0x4 Core/Src/experiment.o
                0x00000000200002fc                eqstepcounter
 .bss.stepno    0x0000000020000300        0x4 Core/Src/experiment.o
                0x0000000020000300                stepno
 .bss.firstdir  0x0000000020000304        0x4 Core/Src/experiment.o
                0x0000000020000304                firstdir
 .bss.expLoad   0x0000000020000308        0x4 Core/Src/experiment.o
                0x0000000020000308                expLoad
 .bss.loadFeed  0x000000002000030c        0x4 Core/Src/experiment.o
                0x000000002000030c                loadFeed
 .bss.loadnow   0x0000000020000310        0x4 Core/Src/experiment.o
                0x0000000020000310                loadnow
 .bss.osc       0x0000000020000314        0x4 Core/Src/experiment.o
                0x0000000020000314                osc
 .bss.numosc    0x0000000020000318        0x4 Core/Src/experiment.o
                0x0000000020000318                numosc
 .bss.osccount  0x000000002000031c        0x4 Core/Src/experiment.o
                0x000000002000031c                osccount
 .bss.oscpass   0x0000000020000320        0x4 Core/Src/experiment.o
                0x0000000020000320                oscpass
 .bss.holdcount
                0x0000000020000324        0x4 Core/Src/experiment.o
                0x0000000020000324                holdcount
 .bss.sqrmod    0x0000000020000328        0x4 Core/Src/experiment.o
                0x0000000020000328                sqrmod
 .bss.sayacmot  0x000000002000032c        0x4 Core/Src/experiment.o
                0x000000002000032c                sayacmot
 .bss.durummot  0x0000000020000330        0x4 Core/Src/experiment.o
                0x0000000020000330                durummot
 .bss.stepsay   0x0000000020000334        0x4 Core/Src/experiment.o
                0x0000000020000334                stepsay
 .bss.dir       0x0000000020000338        0x4 Core/Src/experiment.o
                0x0000000020000338                dir
 .bss.stopmot   0x000000002000033c        0x4 Core/Src/experiment.o
                0x000000002000033c                stopmot
 .bss.motorcon  0x0000000020000340        0x4 Core/Src/experiment.o
                0x0000000020000340                motorcon
 .bss.motorapp  0x0000000020000344        0x4 Core/Src/experiment.o
                0x0000000020000344                motorapp
 .bss.sqrdur    0x0000000020000348        0x4 Core/Src/experiment.o
                0x0000000020000348                sqrdur
 .bss.automot   0x000000002000034c        0x4 Core/Src/experiment.o
                0x000000002000034c                automot
 .bss.endstop   0x0000000020000350        0x4 Core/Src/experiment.o
                0x0000000020000350                endstop
 .bss.speedmode
                0x0000000020000354        0x4 Core/Src/experiment.o
                0x0000000020000354                speedmode
 .bss.retracting
                0x0000000020000358        0x4 Core/Src/experiment.o
                0x0000000020000358                retracting
 .bss.upp       0x000000002000035c        0x4 Core/Src/experiment.o
                0x000000002000035c                upp
 .bss.motpos    0x0000000020000360        0x4 Core/Src/experiment.o
                0x0000000020000360                motpos
 .bss.control   0x0000000020000364        0x4 Core/Src/experiment.o
                0x0000000020000364                control
 .bss.movxy     0x0000000020000368        0x4 Core/Src/experiment.o
                0x0000000020000368                movxy
 .bss.xmov      0x000000002000036c        0x4 Core/Src/experiment.o
                0x000000002000036c                xmov
 .bss.ymov      0x0000000020000370        0x4 Core/Src/experiment.o
                0x0000000020000370                ymov
 .bss.xsteps    0x0000000020000374        0x4 Core/Src/experiment.o
                0x0000000020000374                xsteps
 .bss.ysteps    0x0000000020000378        0x4 Core/Src/experiment.o
                0x0000000020000378                ysteps
 .bss.encodMove
                0x000000002000037c        0x4 Core/Src/experiment.o
                0x000000002000037c                encodMove
 .bss.holdPos   0x0000000020000380        0x4 Core/Src/experiment.o
                0x0000000020000380                holdPos
 .bss.first     0x0000000020000384        0x4 Core/Src/experiment.o
                0x0000000020000384                first
 .bss.appOrret  0x0000000020000388        0x4 Core/Src/experiment.o
                0x0000000020000388                appOrret
 .bss.loadIndent
                0x000000002000038c        0x4 Core/Src/experiment.o
                0x000000002000038c                loadIndent
 .bss.dxy       0x0000000020000390        0x4 Core/Src/experiment.o
                0x0000000020000390                dxy
 .bss.sampleChannel
                0x0000000020000394        0x4 Core/Src/experiment.o
                0x0000000020000394                sampleChannel
 .bss.tmcIndexCnt
                0x0000000020000398        0x4 Core/Src/ext_it.o
 .bss.mpu       0x000000002000039c        0x6 Core/Src/main.o
                0x000000002000039c                mpu
 *fill*         0x00000000200003a2        0x2 
 .bss.adcBuff   0x00000000200003a4     0x1450 Core/Src/main.o
                0x00000000200003a4                adcBuff
 .bss.adcData   0x00000000200017f4       0x1a Core/Src/main.o
                0x00000000200017f4                adcData
 *fill*         0x000000002000180e        0x2 
 .bss.extcon    0x0000000020001810        0x4 Core/Src/main.o
                0x0000000020001810                extcon
 .bss.joyen     0x0000000020001814        0x4 Core/Src/main.o
                0x0000000020001814                joyen
 .bss.joyint1   0x0000000020001818        0x4 Core/Src/main.o
                0x0000000020001818                joyint1
 .bss.joyint2   0x000000002000181c        0x4 Core/Src/main.o
                0x000000002000181c                joyint2
 .bss.delaymic  0x0000000020001820        0x4 Core/Src/main.o
                0x0000000020001820                delaymic
 .bss.loadcon   0x0000000020001824        0x4 Core/Src/main.o
                0x0000000020001824                loadcon
 .bss.contact   0x0000000020001828        0x4 Core/Src/main.o
                0x0000000020001828                contact
 .bss.contsend  0x000000002000182c        0x4 Core/Src/main.o
                0x000000002000182c                contsend
 .bss.isHXcom   0x0000000020001830        0x4 Core/Src/main.o
                0x0000000020001830                isHXcom
 .bss.temptemp  0x0000000020001834        0x4 Core/Src/pc_uart.o
                0x0000000020001834                temptemp
 .bss.heatFeed  0x0000000020001838        0xc Core/Src/pc_uart.o
                0x0000000020001838                heatFeed
 .bss.heatDuty  0x0000000020001844        0xc Core/Src/pc_uart.o
                0x0000000020001844                heatDuty
 .bss.appBuf    0x0000000020001850        0x7 Core/Src/pc_uart.o
                0x0000000020001850                appBuf
 *fill*         0x0000000020001857        0x1 
 .bss.thresholdApp
                0x0000000020001858        0x4 Core/Src/pc_uart.o
                0x0000000020001858                thresholdApp
 .bss.thresholdOff
                0x000000002000185c        0x4 Core/Src/pc_uart.o
                0x000000002000185c                thresholdOff
 .bss.speedApp  0x0000000020001860        0x4 Core/Src/pc_uart.o
                0x0000000020001860                speedApp
 .bss.pcDecision
                0x0000000020001864        0x4 Core/Src/pc_uart.o
                0x0000000020001864                pcDecision
 .bss.onlyAct   0x0000000020001868        0x4 Core/Src/pc_uart.o
                0x0000000020001868                onlyAct
 .bss.stepfin   0x000000002000186c        0x4 Core/Src/pc_uart.o
                0x000000002000186c                stepfin
 .bss.readPc    0x0000000020001870        0x4 Core/Src/pc_uart.o
                0x0000000020001870                readPc
 .bss.sendingPc
                0x0000000020001874        0x4 Core/Src/pc_uart.o
                0x0000000020001874                sendingPc
 .bss.xcount    0x0000000020001878        0x4 Core/Src/timer.o
                0x0000000020001878                xcount
 .bss.ycount    0x000000002000187c        0x4 Core/Src/timer.o
                0x000000002000187c                ycount
 .bss.motorTouchpt
                0x0000000020001880        0x4 Core/Src/timer.o
                0x0000000020001880                motorTouchpt
 .bss.actTouchpt
                0x0000000020001884        0x4 Core/Src/timer.o
                0x0000000020001884                actTouchpt
 .bss.holdRet   0x0000000020001888        0x4 Core/Src/timer.o
                0x0000000020001888                holdRet
 .bss.holdRetCnt
                0x000000002000188c        0x4 Core/Src/timer.o
                0x000000002000188c                holdRetCnt
 .bss.holdRetDur
                0x0000000020001890        0x4 Core/Src/timer.o
                0x0000000020001890                holdRetDur
 .bss.calHoldCount
                0x0000000020001894        0x4 Core/Src/timer.o
                0x0000000020001894                calHoldCount
 .bss.initialMotor
                0x0000000020001898        0x4 Core/Src/timer.o
                0x0000000020001898                initialMotor
 .bss.approaching
                0x000000002000189c        0x4 Core/Src/timer.o
                0x000000002000189c                approaching
 .bss.oscsqrCount
                0x00000000200018a0        0x4 Core/Src/timer.o
                0x00000000200018a0                oscsqrCount
 .bss.Tx_Timer1
                0x00000000200018a4        0x4 Core/Src/uart.o
                0x00000000200018a4                Tx_Timer1
 .bss.Tx_Timer3
                0x00000000200018a8        0x4 Core/Src/uart.o
                0x00000000200018a8                Tx_Timer3
 .bss.Rx_Timer1
                0x00000000200018ac        0x4 Core/Src/uart.o
                0x00000000200018ac                Rx_Timer1
 .bss.Rx_Timer3
                0x00000000200018b0        0x4 Core/Src/uart.o
                0x00000000200018b0                Rx_Timer3
 .bss.uart2say  0x00000000200018b4        0x4 Core/Src/uart.o
                0x00000000200018b4                uart2say
 .bss.pccom     0x00000000200018b8        0x4 Core/Src/uart.o
                0x00000000200018b8                pccom
 .bss.disk      0x00000000200018bc        0xc Middlewares/Third_Party/FatFs/src/ff_gen_drv.o
                0x00000000200018bc                disk
 *(COMMON)
 COMMON         0x00000000200018c8        0x7 Core/Src/DHT.o
                0x00000000200018c8                Rh_byte1
                0x00000000200018c9                Temp_byte1
                0x00000000200018ca                Rh_byte2
                0x00000000200018cc                SUM
                0x00000000200018ce                Temp_byte2
 *fill*         0x00000000200018cf        0x1 
 COMMON         0x00000000200018d0       0x2c Core/Src/accel.o
                0x00000000200018d0                Gx
                0x00000000200018d4                Temper
                0x00000000200018d8                Rec_Data
                0x00000000200018e8                Ay
                0x00000000200018ec                Gy
                0x00000000200018f0                Ax
                0x00000000200018f4                Az
                0x00000000200018f8                Gz
 COMMON         0x00000000200018fc        0x4 Core/Src/adc.o
                0x00000000200018fc                adctim
 COMMON         0x0000000020001900     0x5076 Core/Src/experiment.o
                0x0000000020001900                calib
                0x0000000020001910                stepper
                0x000000002000191c                INIT0
                0x0000000020001994                calibrx
                0x00000000200019b8                exprx
                0x0000000020004c80                reader
                0x0000000020004ce4                motsender
                0x0000000020004d48                expin
                0x0000000020006968                app
                0x000000002000696c                tmr
 *fill*         0x0000000020006976        0x2 
 COMMON         0x0000000020006978      0x598 Core/Src/main.o
                0x0000000020006978                kilo
                0x000000002000697c                hi2c3
                0x00000000200069d0                hspi2
                0x0000000020006a28                htim8
                0x0000000020006a68                huart3
                0x0000000020006aa8                hi2c1
                0x0000000020006afc                htim10
                0x0000000020006b3c                htim3
                0x0000000020006b7c                hadc1
                0x0000000020006bc4                instant
                0x0000000020006bdc                datasender
                0x0000000020006bfc                htim13
                0x0000000020006c3c                huart1
                0x0000000020006c7c                htim11
                0x0000000020006cbc                hdma_adc1
                0x0000000020006d1c                instanthum
                0x0000000020006d2c                adcVal
                0x0000000020006d48                htim1
                0x0000000020006d88                htim9
                0x0000000020006dc8                hsd
                0x0000000020006e4c                htim2
                0x0000000020006e8c                huart2
                0x0000000020006ecc                htim12
                0x0000000020006f0c                tmpVal