core_cm4.h:2064:26:ITM_SendChar	16	static,ignoring_inline_asm
main.c:182:5:_write	32	static
main.c:200:5:main	80	static
main.c:283:6:SystemClock_Config	88	static
main.c:327:13:MX_ADC1_Init	24	static
main.c:473:13:MX_I2C1_Init	8	static
main.c:507:13:MX_I2C3_Init	8	static
main.c:541:13:MX_SDIO_SD_Init	4	static
main.c:569:13:MX_SPI2_Init	8	static
main.c:607:13:MX_TIM1_Init	80	static
main.c:680:13:MX_TIM2_Init	56	static
main.c:729:13:MX_TIM3_Init	56	static
main.c:778:13:MX_TIM8_Init	56	static
main.c:828:13:MX_TIM9_Init	24	static
main.c:866:13:MX_TIM10_Init	8	static
main.c:897:13:MX_TIM11_Init	8	static
main.c:928:13:MX_TIM12_Init	24	static
main.c:966:13:MX_TIM13_Init	8	static
main.c:997:13:MX_USART1_UART_Init	8	static
main.c:1030:13:MX_USART2_UART_Init	8	static
main.c:1063:13:MX_USART3_UART_Init	8	static
main.c:1094:13:MX_DMA_Init	16	static
main.c:1112:13:MX_GPIO_Init	56	static
main.c:1247:6:Error_Handler	4	static,ignoring_inline_asm
