core_cm4.h:2064:26:ITM_SendChar	16	static,ignoring_inline_asm
main.c:182:5:_write	32	static
main.c:200:5:main	80	static
main.c:284:6:SystemClock_Config	88	static
main.c:328:13:MX_ADC1_Init	24	static
main.c:474:13:MX_I2C1_Init	8	static
main.c:508:13:MX_I2C3_Init	8	static
main.c:542:13:MX_SDIO_SD_Init	4	static
main.c:570:13:MX_SPI2_Init	8	static
main.c:608:13:MX_TIM1_Init	80	static
main.c:681:13:MX_TIM2_Init	56	static
main.c:730:13:MX_TIM3_Init	56	static
main.c:779:13:MX_TIM8_Init	56	static
main.c:829:13:MX_TIM9_Init	24	static
main.c:867:13:MX_TIM10_Init	8	static
main.c:898:13:MX_TIM11_Init	8	static
main.c:929:13:MX_TIM12_Init	24	static
main.c:967:13:MX_TIM13_Init	8	static
main.c:998:13:MX_USART1_UART_Init	8	static
main.c:1031:13:MX_USART2_UART_Init	8	static
main.c:1064:13:MX_USART3_UART_Init	8	static
main.c:1095:13:MX_DMA_Init	16	static
main.c:1113:13:MX_GPIO_Init	56	static
main.c:1248:6:Error_Handler	4	static,ignoring_inline_asm
