stm32f4xx_it.c:80:6:NMI_Handler	4	static
stm32f4xx_it.c:95:6:HardFault_Handler	4	static
stm32f4xx_it.c:110:6:MemManage_Handler	4	static
stm32f4xx_it.c:125:6:BusFault_Handler	4	static
stm32f4xx_it.c:140:6:UsageFault_Handler	4	static
stm32f4xx_it.c:155:6:SVC_Handler	4	static
stm32f4xx_it.c:168:6:DebugMon_Handler	4	static
stm32f4xx_it.c:181:6:PendSV_Handler	4	static
stm32f4xx_it.c:194:6:SysTick_Handler	8	static
stm32f4xx_it.c:215:6:EXTI2_IRQHandler	8	static
stm32f4xx_it.c:229:6:EXTI9_5_IRQHandler	8	static
stm32f4xx_it.c:245:6:TIM1_BRK_TIM9_IRQHandler	8	static
stm32f4xx_it.c:260:6:TIM1_UP_TIM10_IRQHandler	8	static
stm32f4xx_it.c:275:6:TIM1_TRG_COM_TIM11_IRQHandler	8	static
stm32f4xx_it.c:290:6:USART1_IRQHandler	8	static
stm32f4xx_it.c:304:6:USART2_IRQHandler	8	static
stm32f4xx_it.c:318:6:USART3_IRQHandler	8	static
stm32f4xx_it.c:332:6:EXTI15_10_IRQHandler	8	static
stm32f4xx_it.c:348:6:TIM8_BRK_TIM12_IRQHandler	8	static
stm32f4xx_it.c:363:6:TIM8_UP_TIM13_IRQHandler	8	static
stm32f4xx_it.c:378:6:DMA2_Stream0_IRQHandler	8	static
